Archive member included to satisfy reference by file (symbol)

.\CortexM3\ARM_GCC_541\Debug\Distance.a(Tx.o)
                              .\CortexM3\ARM_GCC_541\Debug\main.o (Tx_Write)
.\CortexM3\ARM_GCC_541\Debug\Distance.a(Rx.o)
                              .\CortexM3\ARM_GCC_541\Debug\main.o (Rx_Read)
.\CortexM3\ARM_GCC_541\Debug\Distance.a(LCD.o)
                              .\CortexM3\ARM_GCC_541\Debug\main.o (LCD_PrintString)
.\CortexM3\ARM_GCC_541\Debug\Distance.a(CyLib.o)
                              .\CortexM3\ARM_GCC_541\Debug\Cm3Start.o (CyHalt)
.\CortexM3\ARM_GCC_541\Debug\Distance.a(cyPm.o)
                              .\CortexM3\ARM_GCC_541\Debug\Distance.a(CyLib.o) (CyPmReadStatus)
.\CortexM3\ARM_GCC_541\Debug\Distance.a(Timer.o)
                              .\CortexM3\ARM_GCC_541\Debug\main.o (Timer_Stop)
.\CortexM3\ARM_GCC_541\Debug\Distance.a(Clock.o)
                              .\CortexM3\ARM_GCC_541\Debug\main.o (Clock_Start)
.\CortexM3\ARM_GCC_541\Debug\Distance.a(TimeoutISR.o)
                              .\CortexM3\ARM_GCC_541\Debug\main.o (TimeoutISR_StartEx)
.\CortexM3\ARM_GCC_541\Debug\Distance.a(LED.o)
                              .\CortexM3\ARM_GCC_541\Debug\main.o (LED_Write)
.\CortexM3\ARM_GCC_541\Debug\Distance.a(USBUART.o)
                              .\CortexM3\ARM_GCC_541\Debug\main.o (USBUART_Start)
.\CortexM3\ARM_GCC_541\Debug\Distance.a(USBUART_cdc.o)
                              .\CortexM3\ARM_GCC_541\Debug\main.o (USBUART_CDC_Init)
.\CortexM3\ARM_GCC_541\Debug\Distance.a(USBUART_drv.o)
                              .\CortexM3\ARM_GCC_541\Debug\Distance.a(USBUART.o) (USBUART_lastPacketSize)
.\CortexM3\ARM_GCC_541\Debug\Distance.a(USBUART_episr.o)
                              .\CortexM3\ARM_GCC_541\Debug\Distance.a(USBUART.o) (USBUART_EP_1_ISR)
.\CortexM3\ARM_GCC_541\Debug\Distance.a(USBUART_hid.o)
                              .\CortexM3\ARM_GCC_541\Debug\Distance.a(USBUART.o) (USBUART_hidProtocol)
.\CortexM3\ARM_GCC_541\Debug\Distance.a(USBUART_pm.o)
                              .\CortexM3\ARM_GCC_541\Debug\Distance.a(USBUART.o) (USBUART_DP_ISR)
.\CortexM3\ARM_GCC_541\Debug\Distance.a(USBUART_std.o)
                              .\CortexM3\ARM_GCC_541\Debug\Distance.a(USBUART_pm.o) (USBUART_ConfigReg)
.\CortexM3\ARM_GCC_541\Debug\Distance.a(USBUART_vnd.o)
                              .\CortexM3\ARM_GCC_541\Debug\Distance.a(USBUART_drv.o) (USBUART_HandleVendorRqst)
.\CortexM3\ARM_GCC_541\Debug\Distance.a(USBUART_Dp.o)
                              .\CortexM3\ARM_GCC_541\Debug\Distance.a(USBUART.o) (USBUART_Dp_ClearInterrupt)
.\CortexM3\ARM_GCC_541\Debug\Distance.a(UART.o)
                              .\CortexM3\ARM_GCC_541\Debug\main.o (UART_Start)
.\CortexM3\ARM_GCC_541\Debug\Distance.a(UART_IntClock.o)
                              .\CortexM3\ARM_GCC_541\Debug\Distance.a(UART.o) (UART_IntClock_Start)
.\CortexM3\ARM_GCC_541\Debug\Distance.a(CyBootAsmGnu.o)
                              .\CortexM3\ARM_GCC_541\Debug\cyfitter_cfg.o (CyDelayCycles)
.\CortexM3\ARM_GCC_541\Debug\Distance.a(CyFlash.o)
                              .\CortexM3\ARM_GCC_541\Debug\Distance.a(cyPm.o) (CyFlash_SetWaitCycles)
.\CortexM3\ARM_GCC_541\Debug\Distance.a(CySpc.o)
                              .\CortexM3\ARM_GCC_541\Debug\Distance.a(CyFlash.o) (CySpcStart)
.\CortexM3\ARM_GCC_541\Debug\Distance.a(USBUART_cls.o)
                              .\CortexM3\ARM_GCC_541\Debug\Distance.a(USBUART_drv.o) (USBUART_DispatchClassRqst)
.\CortexM3\ARM_GCC_541\Debug\Distance.a(USBUART_descr.o)
                              .\CortexM3\ARM_GCC_541\Debug\Distance.a(USBUART_std.o) (USBUART_idSerialNumberStringDescriptor)
d:/psoccreator4.2/psoc creator/4.2/psoc creator/import/gnu/arm/5.4.1/bin/../lib/gcc/arm-none-eabi/5.4.1/armv7-m\libgcc.a(_aeabi_ldivmod.o)
                              .\CortexM3\ARM_GCC_541\Debug\main.o (__aeabi_ldivmod)
d:/psoccreator4.2/psoc creator/4.2/psoc creator/import/gnu/arm/5.4.1/bin/../lib/gcc/arm-none-eabi/5.4.1/armv7-m\libgcc.a(_udivmoddi4.o)
                              d:/psoccreator4.2/psoc creator/4.2/psoc creator/import/gnu/arm/5.4.1/bin/../lib/gcc/arm-none-eabi/5.4.1/armv7-m\libgcc.a(_aeabi_ldivmod.o) (__udivmoddi4)
d:/psoccreator4.2/psoc creator/4.2/psoc creator/import/gnu/arm/5.4.1/bin/../lib/gcc/arm-none-eabi/5.4.1/armv7-m\libgcc.a(_dvmd_tls.o)
                              d:/psoccreator4.2/psoc creator/4.2/psoc creator/import/gnu/arm/5.4.1/bin/../lib/gcc/arm-none-eabi/5.4.1/armv7-m\libgcc.a(_aeabi_ldivmod.o) (__aeabi_ldiv0)
d:/psoccreator4.2/psoc creator/4.2/psoc creator/import/gnu/arm/5.4.1/bin/../lib/gcc/arm-none-eabi/5.4.1/../../../../arm-none-eabi/lib/armv7-m\libg_nano.a(lib_a-errno.o)
                              .\CortexM3\ARM_GCC_541\Debug\Cm3Start.o (__errno)
d:/psoccreator4.2/psoc creator/4.2/psoc creator/import/gnu/arm/5.4.1/bin/../lib/gcc/arm-none-eabi/5.4.1/../../../../arm-none-eabi/lib/armv7-m\libg_nano.a(lib_a-exit.o)
[...]
Memory Configuration

Name             Origin             Length             Attributes
rom              0x00000000         0x00040000         xr
ram              0x1fff8000         0x00010000         xrw
*default*        0x00000000         0xffffffff

Linker script and memory map

LOAD d:/psoccreator4.2/psoc creator/4.2/psoc creator/import/gnu/arm/5.4.1/bin/../lib/gcc/arm-none-eabi/5.4.1/armv7-m/crti.o
LOAD d:/psoccreator4.2/psoc creator/4.2/psoc creator/import/gnu/arm/5.4.1/bin/../lib/gcc/arm-none-eabi/5.4.1/armv7-m/crtbegin.o
LOAD d:/psoccreator4.2/psoc creator/4.2/psoc creator/import/gnu/arm/5.4.1/bin/../lib/gcc/arm-none-eabi/5.4.1/../../../../arm-none-eabi/lib/armv7-m/crt0.o
START GROUP
LOAD .\CortexM3\ARM_GCC_541\Debug\main.o
LOAD .\CortexM3\ARM_GCC_541\Debug\servo.o
LOAD .\CortexM3\ARM_GCC_541\Debug\cyfitter_cfg.o
LOAD .\CortexM3\ARM_GCC_541\Debug\cymetadata.o
LOAD .\CortexM3\ARM_GCC_541\Debug\Cm3Start.o
LOAD .\CortexM3\ARM_GCC_541\Debug\Distance.a
LOAD D:\PsocCreator4.2\PSoC Creator\4.2\PSoC Creator\psoc\content\cycomponentlibrary\CyComponentLibrary.cylib\CortexM3\ARM_GCC_541\Debug\CyComponentLibrary.a
END GROUP
START GROUP
LOAD d:/psoccreator4.2/psoc creator/4.2/psoc creator/import/gnu/arm/5.4.1/bin/../lib/gcc/arm-none-eabi/5.4.1/armv7-m\libgcc.a
LOAD d:/psoccreator4.2/psoc creator/4.2/psoc creator/import/gnu/arm/5.4.1/bin/../lib/gcc/arm-none-eabi/5.4.1/../../../../arm-none-eabi/lib/armv7-m\libg_nano.a
LOAD d:/psoccreator4.2/psoc creator/4.2/psoc creator/import/gnu/arm/5.4.1/bin/../lib/gcc/arm-none-eabi/5.4.1/../../../../arm-none-eabi/lib/armv7-m\libc_nano.a
END GROUP
START GROUP
LOAD d:/psoccreator4.2/psoc creator/4.2/psoc creator/import/gnu/arm/5.4.1/bin/../lib/gcc/arm-none-eabi/5.4.1/armv7-m\libgcc.a
LOAD d:/psoccreator4.2/psoc creator/4.2/psoc creator/import/gnu/arm/5.4.1/bin/../lib/gcc/arm-none-eabi/5.4.1/../../../../arm-none-eabi/lib/armv7-m\libc_nano.a
END GROUP
LOAD d:/psoccreator4.2/psoc creator/4.2/psoc creator/import/gnu/arm/5.4.1/bin/../lib/gcc/arm-none-eabi/5.4.1/armv7-m/crtend.o
LOAD d:/psoccreator4.2/psoc creator/4.2/psoc creator/import/gnu/arm/5.4.1/bin/../lib/gcc/arm-none-eabi/5.4.1/armv7-m/crtn.o
START GROUP
LOAD d:/psoccreator4.2/psoc creator/4.2/psoc creator/import/gnu/arm/5.4.1/bin/../lib/gcc/arm-none-eabi/5.4.1/armv7-m\libgcc.a
LOAD d:/psoccreator4.2/psoc creator/4.2/psoc creator/import/gnu/arm/5.4.1/bin/../lib/gcc/arm-none-eabi/5.4.1/../../../../arm-none-eabi/lib/armv7-m\libc.a
LOAD d:/psoccreator4.2/psoc creator/4.2/psoc creator/import/gnu/arm/5.4.1/bin/../lib/gcc/arm-none-eabi/5.4.1/../../../../arm-none-eabi/lib/armv7-m\libnosys.a
END GROUP
                0x00000000                CY_APPL_ORIGIN = 0x0
                0x00000100                CY_FLASH_ROW_SIZE = 0x100
                0x00000020                CY_ECC_ROW_SIZE = 0x20
                0x00000000                CY_EE_IN_BTLDR = 0x0
                0x00000000                CY_APPL_LOADABLE = 0x0
                0x00000800                CY_EE_SIZE = 0x800
                0x00000001                CY_APPL_NUM = 0x1
                0x00000001                CY_APPL_MAX = 0x1
                0x00000040                CY_METADATA_SIZE = 0x40
                0x00000000                CY_APPL_LOADABLE = 0x0
                0x00000000                CY_CHECKSUM_EXCLUDE_SIZE = ALIGN (0x0, CY_FLASH_ROW_SIZE)
                [!provide]                PROVIDE (__cy_heap_start, _end)
                0x00000001                PROVIDE (__cy_region_num, ((__cy_regions_end - __cy_regions) / 0x10))
                0x20008000                PROVIDE (__cy_stack, (ORIGIN (ram) + LENGTH (ram)))
                [!provide]                PROVIDE (__cy_heap_end, (__cy_stack - 0x800))

.cybootloader   0x00000000        0x0
 *(.cybootloader)
                0x00000000                appl1_start = CY_APPL_ORIGIN?CY_APPL_ORIGIN:ALIGN (CY_FLASH_ROW_SIZE)
                0x0001ff00                appl2_start = (appl1_start + ALIGN ((((LENGTH (rom) - appl1_start) - (0x2 * CY_FLASH_ROW_SIZE)) / 0x2), CY_FLASH_ROW_SIZE))
                0x00000000                appl_start = (CY_APPL_NUM == 0x1)?appl1_start:appl2_start
                0x00000000                ecc_offset = ((appl_start / CY_FLASH_ROW_SIZE) * CY_ECC_ROW_SIZE)
                0x00000000                ee_offset = (CY_APPL_LOADABLE && ! (CY_EE_IN_BTLDR))?((CY_EE_SIZE / CY_APPL_MAX) * (CY_APPL_NUM - 0x1)):0x0
                0x00000800                ee_size = (CY_APPL_LOADABLE && ! (CY_EE_IN_BTLDR))?(CY_EE_SIZE / CY_APPL_MAX):CY_EE_SIZE
                [!provide]                PROVIDE (CY_ECC_OFFSET, ecc_offset)

.text           0x00000000     0x3188
 CREATE_OBJECT_SYMBOLS
                0x00000000                PROVIDE (__cy_interrupt_vector, RomVectors)
 *(.romvectors)
 .romvectors    0x00000000       0x10 .\CortexM3\ARM_GCC_541\Debug\Cm3Start.o
                0x00000000                RomVectors
                0x00000001                ASSERT ((. != __cy_interrupt_vector), No interrupt vector)
                0x00000001                ASSERT (CY_APPL_ORIGIN?(SIZEOF (.cybootloader) <= CY_APPL_ORIGIN):0x1, Wrong image location)
                0x00000010                PROVIDE (__cy_reset, Reset)
 *(.text.Reset)
 .text.Reset    0x00000010       0x18 .\CortexM3\ARM_GCC_541\Debug\Cm3Start.o
                0x00000010                Reset
                0x00000001                ASSERT ((. != __cy_reset), No reset code)
 *(.dma_init)
                0x00000001                ASSERT ((((appl_start + .) <= 0x10000) || 0x1), DMA Init must be within the first 64k of flash)
 *(.text .text.* .gnu.linkonce.t.*)
 .text          0x00000028       0x5c d:/psoccreator4.2/psoc creator/4.2/psoc creator/import/gnu/arm/5.4.1/bin/../lib/gcc/arm-none-eabi/5.4.1/armv7-m/crtbegin.o
 .text.InterruptHandler
                0x00000084       0x1c .\CortexM3\ARM_GCC_541\Debug\main.o
                0x00000084                InterruptHandler
 .text.trigger  0x000000a0       0x18 .\CortexM3\ARM_GCC_541\Debug\main.o
                0x000000a0                trigger
 .text.startcount
                0x000000b8       0x18 .\CortexM3\ARM_GCC_541\Debug\main.o
                0x000000b8                startcount
 .text.endcount
                0x000000d0       0x1c .\CortexM3\ARM_GCC_541\Debug\main.o
                0x000000d0                endcount
 .text.calculate_millimeter
                0x000000ec       0x48 .\CortexM3\ARM_GCC_541\Debug\main.o
                0x000000ec                calculate_millimeter
 .text.main     0x00000134      0x22c .\CortexM3\ARM_GCC_541\Debug\main.o
                0x00000134                main
 .text.SetServoLimit
                0x00000360       0x80 .\CortexM3\ARM_GCC_541\Debug\servo.o
                0x00000360                SetServoLimit
 .text.SetServoVelocity
                0x000003e0       0x74 .\CortexM3\ARM_GCC_541\Debug\servo.o
                0x000003e0                SetServoVelocity
 .text.CyClockStartupError
                0x00000454        0x4 .\CortexM3\ARM_GCC_541\Debug\cyfitter_cfg.o
 .text.cfg_write_bytes32
                0x00000458       0x34 .\CortexM3\ARM_GCC_541\Debug\cyfitter_cfg.o
 .text.AnalogSetDefault
                0x0000048c       0x28 .\CortexM3\ARM_GCC_541\Debug\cyfitter_cfg.o
 .text.CYMEMZERO
                0x000004b4        0xc .\CortexM3\ARM_GCC_541\Debug\cyfitter_cfg.o
 .text.ClockSetup
                0x000004c0       0xcc .\CortexM3\ARM_GCC_541\Debug\cyfitter_cfg.o
 .text.CYCONFIGCPY
                0x0000058c        0x8 .\CortexM3\ARM_GCC_541\Debug\cyfitter_cfg.o
 .text.cyfitter_cfg
                0x00000594      0x11c .\CortexM3\ARM_GCC_541\Debug\cyfitter_cfg.o
                0x00000594                cyfitter_cfg
 .text.IntDefaultHandler
                0x000006b0       0x10 .\CortexM3\ARM_GCC_541\Debug\Cm3Start.o
                0x000006b0                IntDefaultHandler
 .text._sbrk    0x000006c0       0x30 .\CortexM3\ARM_GCC_541\Debug\Cm3Start.o
                0x000006c0                _sbrk
 .text.Start_c  0x000006f0       0x4c .\CortexM3\ARM_GCC_541\Debug\Cm3Start.o
                0x000006f0                Start_c
 .text.initialize_psoc
                0x0000073c       0x68 .\CortexM3\ARM_GCC_541\Debug\Cm3Start.o
                0x0000073c                initialize_psoc
 .text.Tx_Write
                0x000007a4       0x18 .\CortexM3\ARM_GCC_541\Debug\Distance.a(Tx.o)
                0x000007a4                Tx_Write
 .text.Rx_Read  0x000007bc       0x10 .\CortexM3\ARM_GCC_541\Debug\Distance.a(Rx.o)
                0x000007bc                Rx_Read
 .text.LCD_WrCntrlNib
                0x000007cc       0x34 .\CortexM3\ARM_GCC_541\Debug\Distance.a(LCD.o)
 .text.LCD_WrDatNib
                0x00000800       0x44 .\CortexM3\ARM_GCC_541\Debug\Distance.a(LCD.o)
 .text.LCD_IsReady
                0x00000844       0xe4 .\CortexM3\ARM_GCC_541\Debug\Distance.a(LCD.o)
                0x00000844                LCD_IsReady
 .text.LCD_WriteData
                0x00000928       0x18 .\CortexM3\ARM_GCC_541\Debug\Distance.a(LCD.o)
                0x00000928                LCD_WriteData
 .text.LCD_PrintString
                0x00000940       0x1c .\CortexM3\ARM_GCC_541\Debug\Distance.a(LCD.o)
                0x00000940                LCD_PrintString
 .text.LCD_WriteControl
                0x0000095c       0x18 .\CortexM3\ARM_GCC_541\Debug\Distance.a(LCD.o)
                0x0000095c                LCD_WriteControl
 .text.LCD_Init
                0x00000974       0x6c .\CortexM3\ARM_GCC_541\Debug\Distance.a(LCD.o)
                0x00000974                LCD_Init
 .text.LCD_Enable
                0x000009e0       0x14 .\CortexM3\ARM_GCC_541\Debug\Distance.a(LCD.o)
                0x000009e0                LCD_Enable
 .text.LCD_Start
                0x000009f4       0x1c .\CortexM3\ARM_GCC_541\Debug\Distance.a(LCD.o)
                0x000009f4                LCD_Start
 .text.LCD_Position
                0x00000a10       0x3c .\CortexM3\ARM_GCC_541\Debug\Distance.a(LCD.o)
                0x00000a10                LCD_Position
 .text.CyHalt   0x00000a4c        0x4 .\CortexM3\ARM_GCC_541\Debug\Distance.a(CyLib.o)
                0x00000a4c                CyHalt
 .text.CyDelay  0x00000a50       0x2c .\CortexM3\ARM_GCC_541\Debug\Distance.a(CyLib.o)
                0x00000a50                CyDelay
 .text.CyDelayUs
                0x00000a7c       0x14 .\CortexM3\ARM_GCC_541\Debug\Distance.a(CyLib.o)
                0x00000a7c                CyDelayUs
 .text.CyIntSetVector
                0x00000a90       0x28 .\CortexM3\ARM_GCC_541\Debug\Distance.a(CyLib.o)
                0x00000a90                CyIntSetVector
 .text.CyIntSetPriority
                0x00000ab8       0x30 .\CortexM3\ARM_GCC_541\Debug\Distance.a(CyLib.o)
                0x00000ab8                CyIntSetPriority
 .text.CyGetUniqueId
                0x00000ae8       0x70 .\CortexM3\ARM_GCC_541\Debug\Distance.a(CyLib.o)
                0x00000ae8                CyGetUniqueId
 .text.Timer_Enable
                0x00000b58       0x10 .\CortexM3\ARM_GCC_541\Debug\Distance.a(Timer.o)
                0x00000b58                Timer_Enable
 .text.Timer_Stop
                0x00000b68       0x10 .\CortexM3\ARM_GCC_541\Debug\Distance.a(Timer.o)
                0x00000b68                Timer_Stop
 .text.Timer_SetInterruptMode
                0x00000b78        0xc .\CortexM3\ARM_GCC_541\Debug\Distance.a(Timer.o)
                0x00000b78                Timer_SetInterruptMode
 .text.Timer_ReadStatusRegister
                0x00000b84        0xc .\CortexM3\ARM_GCC_541\Debug\Distance.a(Timer.o)
                0x00000b84                Timer_ReadStatusRegister
 .text.Timer_ReadPeriod
                0x00000b90        0xc .\CortexM3\ARM_GCC_541\Debug\Distance.a(Timer.o)
                0x00000b90                Timer_ReadPeriod
 .text.Timer_WritePeriod
                0x00000b9c        0xc .\CortexM3\ARM_GCC_541\Debug\Distance.a(Timer.o)
                0x00000b9c                Timer_WritePeriod
 .text.Timer_ReadCapture
                0x00000ba8        0xc .\CortexM3\ARM_GCC_541\Debug\Distance.a(Timer.o)
                0x00000ba8                Timer_ReadCapture
 .text.Timer_WriteCounter
                0x00000bb4        0xc .\CortexM3\ARM_GCC_541\Debug\Distance.a(Timer.o)
                0x00000bb4                Timer_WriteCounter
 .text.Timer_ReadCounter
                0x00000bc0       0x14 .\CortexM3\ARM_GCC_541\Debug\Distance.a(Timer.o)
                0x00000bc0                Timer_ReadCounter
 .text.Timer_ClearFIFO
                0x00000bd4       0x14 .\CortexM3\ARM_GCC_541\Debug\Distance.a(Timer.o)
                0x00000bd4                Timer_ClearFIFO
 .text.Timer_Init
                0x00000be8       0x34 .\CortexM3\ARM_GCC_541\Debug\Distance.a(Timer.o)
                0x00000be8                Timer_Init
 .text.Timer_Start
                0x00000c1c       0x1c .\CortexM3\ARM_GCC_541\Debug\Distance.a(Timer.o)
                0x00000c1c                Timer_Start
 .text.Clock_Start
                0x00000c38       0x1c .\CortexM3\ARM_GCC_541\Debug\Distance.a(Clock.o)
                0x00000c38                Clock_Start
 .text.TimeoutISR_SetVector
                0x00000c54        0xc .\CortexM3\ARM_GCC_541\Debug\Distance.a(TimeoutISR.o)
                0x00000c54                TimeoutISR_SetVector
 .text.TimeoutISR_SetPriority
                0x00000c60       0x10 .\CortexM3\ARM_GCC_541\Debug\Distance.a(TimeoutISR.o)
                0x00000c60                TimeoutISR_SetPriority
 .text.TimeoutISR_Enable
                0x00000c70        0xc .\CortexM3\ARM_GCC_541\Debug\Distance.a(TimeoutISR.o)
                0x00000c70                TimeoutISR_Enable
 .text.TimeoutISR_Disable
                0x00000c7c        0xc .\CortexM3\ARM_GCC_541\Debug\Distance.a(TimeoutISR.o)
                0x00000c7c                TimeoutISR_Disable
 .text.TimeoutISR_StartEx
                0x00000c88       0x1c .\CortexM3\ARM_GCC_541\Debug\Distance.a(TimeoutISR.o)
                0x00000c88                TimeoutISR_StartEx
 .text.LED_Write
                0x00000ca4       0x18 .\CortexM3\ARM_GCC_541\Debug\Distance.a(LED.o)
                0x00000ca4                LED_Write
 .text.USBUART_Init
                0x00000cbc      0x140 .\CortexM3\ARM_GCC_541\Debug\Distance.a(USBUART.o)
                0x00000cbc                USBUART_Init
 .text.USBUART_InitComponent
                0x00000dfc       0xd0 .\CortexM3\ARM_GCC_541\Debug\Distance.a(USBUART.o)
                0x00000dfc                USBUART_InitComponent
 .text.USBUART_Start
                0x00000ecc       0x24 .\CortexM3\ARM_GCC_541\Debug\Distance.a(USBUART.o)
                0x00000ecc                USBUART_Start
 .text.USBUART_ReInitComponent
                0x00000ef0       0x64 .\CortexM3\ARM_GCC_541\Debug\Distance.a(USBUART.o)
                0x00000ef0                USBUART_ReInitComponent
 .text.USBUART_GetConfiguration
                0x00000f54        0xc .\CortexM3\ARM_GCC_541\Debug\Distance.a(USBUART.o)
                0x00000f54                USBUART_GetConfiguration
 .text.USBUART_GetEPState
                0x00000f60       0x14 .\CortexM3\ARM_GCC_541\Debug\Distance.a(USBUART.o)
                0x00000f60                USBUART_GetEPState
 .text.USBUART_LoadInEP
                0x00000f74       0x94 .\CortexM3\ARM_GCC_541\Debug\Distance.a(USBUART.o)
                0x00000f74                USBUART_LoadInEP
 .text.USBUART_EnableOutEP
                0x00001008       0x2c .\CortexM3\ARM_GCC_541\Debug\Distance.a(USBUART.o)
                0x00001008                USBUART_EnableOutEP
 .text.USBUART_StrLen
                0x00001034       0x14 .\CortexM3\ARM_GCC_541\Debug\Distance.a(USBUART_cdc.o)
 .text.USBUART_GetInterfaceComPort
                0x00001048       0x38 .\CortexM3\ARM_GCC_541\Debug\Distance.a(USBUART_cdc.o)
                0x00001048                USBUART_GetInterfaceComPort
 .text.USBUART_DispatchCDCClassRqst
                0x00001080       0x98 .\CortexM3\ARM_GCC_541\Debug\Distance.a(USBUART_cdc.o)
                0x00001080                USBUART_DispatchCDCClassRqst
 .text.USBUART_CDC_Init
                0x00001118       0x98 .\CortexM3\ARM_GCC_541\Debug\Distance.a(USBUART_cdc.o)
                0x00001118                USBUART_CDC_Init
 .text.USBUART_PutString
                0x000011b0       0xa0 .\CortexM3\ARM_GCC_541\Debug\Distance.a(USBUART_cdc.o)
                0x000011b0                USBUART_PutString
 .text.USBUART_CDCIsReady
                0x00001250       0x18 .\CortexM3\ARM_GCC_541\Debug\Distance.a(USBUART_cdc.o)
                0x00001250                USBUART_CDCIsReady
 .text.USBUART_Cdc_EpInit
                0x00001268       0x50 .\CortexM3\ARM_GCC_541\Debug\Distance.a(USBUART_cdc.o)
                0x00001268                USBUART_Cdc_EpInit
 .text.USBUART_LoadEP0
                0x000012b8       0x98 .\CortexM3\ARM_GCC_541\Debug\Distance.a(USBUART_drv.o)
                0x000012b8                USBUART_LoadEP0
 .text.USBUART_InitZeroLengthControlTransfer
                0x00001350       0x34 .\CortexM3\ARM_GCC_541\Debug\Distance.a(USBUART_drv.o)
                0x00001350                USBUART_InitZeroLengthControlTransfer
 .text.USBUART_ControlReadDataStage
                0x00001384        0x8 .\CortexM3\ARM_GCC_541\Debug\Distance.a(USBUART_drv.o)
                0x00001384                USBUART_ControlReadDataStage
 .text.USBUART_ControlWriteDataStage
                0x0000138c       0x84 .\CortexM3\ARM_GCC_541\Debug\Distance.a(USBUART_drv.o)
                0x0000138c                USBUART_ControlWriteDataStage
 .text.USBUART_InitNoDataControlTransfer
                0x00001410       0x2c .\CortexM3\ARM_GCC_541\Debug\Distance.a(USBUART_drv.o)
                0x00001410                USBUART_InitNoDataControlTransfer
 .text.USBUART_UpdateStatusBlock
                0x0000143c       0x24 .\CortexM3\ARM_GCC_541\Debug\Distance.a(USBUART_drv.o)
                0x0000143c                USBUART_UpdateStatusBlock
 .text.USBUART_HandleSetup
                0x00001460       0x5c .\CortexM3\ARM_GCC_541\Debug\Distance.a(USBUART_drv.o)
                0x00001460                USBUART_HandleSetup
 .text.USBUART_ControlReadStatusStage
                0x000014bc       0x38 .\CortexM3\ARM_GCC_541\Debug\Distance.a(USBUART_drv.o)
                0x000014bc                USBUART_ControlReadStatusStage
 .text.USBUART_HandleOUT
                0x000014f4       0x38 .\CortexM3\ARM_GCC_541\Debug\Distance.a(USBUART_drv.o)
                0x000014f4                USBUART_HandleOUT
 .text.USBUART_ControlWriteStatusStage
                0x0000152c       0x20 .\CortexM3\ARM_GCC_541\Debug\Distance.a(USBUART_drv.o)
                0x0000152c                USBUART_ControlWriteStatusStage
 .text.USBUART_NoDataControlStatusStage
                0x0000154c       0x40 .\CortexM3\ARM_GCC_541\Debug\Distance.a(USBUART_drv.o)
                0x0000154c                USBUART_NoDataControlStatusStage
 .text.USBUART_HandleIN
                0x0000158c       0x2c .\CortexM3\ARM_GCC_541\Debug\Distance.a(USBUART_drv.o)
                0x0000158c                USBUART_HandleIN
 .text.USBUART_EP_0_ISR
                0x000015b8       0xb8 .\CortexM3\ARM_GCC_541\Debug\Distance.a(USBUART_drv.o)
                0x000015b8                USBUART_EP_0_ISR
 .text.USBUART_InitializeStatusBlock
                0x00001670       0x24 .\CortexM3\ARM_GCC_541\Debug\Distance.a(USBUART_drv.o)
                0x00001670                USBUART_InitializeStatusBlock
 .text.USBUART_InitControlRead
                0x00001694       0x50 .\CortexM3\ARM_GCC_541\Debug\Distance.a(USBUART_drv.o)
                0x00001694                USBUART_InitControlRead
 .text.USBUART_InitControlWrite
                0x000016e4       0x48 .\CortexM3\ARM_GCC_541\Debug\Distance.a(USBUART_drv.o)
                0x000016e4                USBUART_InitControlWrite
 .text.USBUART_EP_1_ISR
                0x0000172c       0x30 .\CortexM3\ARM_GCC_541\Debug\Distance.a(USBUART_episr.o)
                0x0000172c                USBUART_EP_1_ISR
 .text.USBUART_EP_2_ISR
                0x0000175c       0x34 .\CortexM3\ARM_GCC_541\Debug\Distance.a(USBUART_episr.o)
                0x0000175c                USBUART_EP_2_ISR
 .text.USBUART_EP_3_ISR
                0x00001790       0x3c .\CortexM3\ARM_GCC_541\Debug\Distance.a(USBUART_episr.o)
                0x00001790                USBUART_EP_3_ISR
 .text.USBUART_SOF_ISR
                0x000017cc        0x4 .\CortexM3\ARM_GCC_541\Debug\Distance.a(USBUART_episr.o)
                0x000017cc                USBUART_SOF_ISR
 .text.USBUART_BUS_RESET_ISR
                0x000017d0        0x8 .\CortexM3\ARM_GCC_541\Debug\Distance.a(USBUART_episr.o)
                0x000017d0                USBUART_BUS_RESET_ISR
 .text.USBUART_FindHidClassDecriptor
                0x000017d8       0x44 .\CortexM3\ARM_GCC_541\Debug\Distance.a(USBUART_hid.o)
                0x000017d8                USBUART_FindHidClassDecriptor
 .text.USBUART_FindReportDescriptor
                0x0000181c       0x4c .\CortexM3\ARM_GCC_541\Debug\Distance.a(USBUART_hid.o)
                0x0000181c                USBUART_FindReportDescriptor
 .text.USBUART_FindReport
                0x00001868       0x80 .\CortexM3\ARM_GCC_541\Debug\Distance.a(USBUART_hid.o)
                0x00001868                USBUART_FindReport
 .text.USBUART_DispatchHIDClassRqst
                0x000018e8      0x184 .\CortexM3\ARM_GCC_541\Debug\Distance.a(USBUART_hid.o)
                0x000018e8                USBUART_DispatchHIDClassRqst
 .text.USBUART_DP_ISR
                0x00001a6c        0x8 .\CortexM3\ARM_GCC_541\Debug\Distance.a(USBUART_pm.o)
                0x00001a6c                USBUART_DP_ISR
 .text.USBUART_ReadDieID
                0x00001a74       0x6c .\CortexM3\ARM_GCC_541\Debug\Distance.a(USBUART_std.o)
                0x00001a74                USBUART_ReadDieID
 .text.USBUART_ConfigReg
                0x00001ae0       0xa4 .\CortexM3\ARM_GCC_541\Debug\Distance.a(USBUART_std.o)
                0x00001ae0                USBUART_ConfigReg
 .text.USBUART_GetConfigTablePtr
                0x00001b84       0x28 .\CortexM3\ARM_GCC_541\Debug\Distance.a(USBUART_std.o)
                0x00001b84                USBUART_GetConfigTablePtr
 .text.USBUART_ConfigAltChanged
                0x00001bac      0x11c .\CortexM3\ARM_GCC_541\Debug\Distance.a(USBUART_std.o)
                0x00001bac                USBUART_ConfigAltChanged
 .text.USBUART_GetDeviceTablePtr
                0x00001cc8       0x18 .\CortexM3\ARM_GCC_541\Debug\Distance.a(USBUART_std.o)
                0x00001cc8                USBUART_GetDeviceTablePtr
 .text.USBUART_GetInterfaceClassTablePtr
                0x00001ce0       0x28 .\CortexM3\ARM_GCC_541\Debug\Distance.a(USBUART_std.o)
                0x00001ce0                USBUART_GetInterfaceClassTablePtr
 .text.USBUART_Config
                0x00001d08      0x1ec .\CortexM3\ARM_GCC_541\Debug\Distance.a(USBUART_std.o)
                0x00001d08                USBUART_Config
 .text.USBUART_SetEndpointHalt
                0x00001ef4       0x64 .\CortexM3\ARM_GCC_541\Debug\Distance.a(USBUART_std.o)
                0x00001ef4                USBUART_SetEndpointHalt
 .text.USBUART_ClearEndpointHalt
                0x00001f58       0xac .\CortexM3\ARM_GCC_541\Debug\Distance.a(USBUART_std.o)
                0x00001f58                USBUART_ClearEndpointHalt
 .text.USBUART_ValidateAlternateSetting
                0x00002004       0x4c .\CortexM3\ARM_GCC_541\Debug\Distance.a(USBUART_std.o)
                0x00002004                USBUART_ValidateAlternateSetting
 .text.USBUART_HandleStandardRqst
                0x00002050      0x35c .\CortexM3\ARM_GCC_541\Debug\Distance.a(USBUART_std.o)
                0x00002050                USBUART_HandleStandardRqst
 .text.USBUART_HandleVendorRqst
                0x000023ac       0x3c .\CortexM3\ARM_GCC_541\Debug\Distance.a(USBUART_vnd.o)
                0x000023ac                USBUART_HandleVendorRqst
 .text.USBUART_Dp_ClearInterrupt
                0x000023e8       0x10 .\CortexM3\ARM_GCC_541\Debug\Distance.a(USBUART_Dp.o)
                0x000023e8                USBUART_Dp_ClearInterrupt
 .text.UART_Init
                0x000023f8       0x24 .\CortexM3\ARM_GCC_541\Debug\Distance.a(UART.o)
                0x000023f8                UART_Init
 .text.UART_Enable
                0x0000241c       0x38 .\CortexM3\ARM_GCC_541\Debug\Distance.a(UART.o)
                0x0000241c                UART_Enable
 .text.UART_Start
                0x00002454       0x1c .\CortexM3\ARM_GCC_541\Debug\Distance.a(UART.o)
                0x00002454                UART_Start
 .text.UART_PutChar
                0x00002470       0x18 .\CortexM3\ARM_GCC_541\Debug\Distance.a(UART.o)
                0x00002470                UART_PutChar
 .text.UART_IntClock_Start
                0x00002488       0x1c .\CortexM3\ARM_GCC_541\Debug\Distance.a(UART_IntClock.o)
                0x00002488                UART_IntClock_Start
 *fill*         0x000024a4        0x4 
 .text          0x000024a8       0x20 .\CortexM3\ARM_GCC_541\Debug\Distance.a(CyBootAsmGnu.o)
                0x000024a8                CyDelayCycles
                0x000024b8                CyEnterCriticalSection
                0x000024c0                CyExitCriticalSection
 .text.USBUART_DispatchClassRqst
                0x000024c8       0x68 .\CortexM3\ARM_GCC_541\Debug\Distance.a(USBUART_cls.o)
                0x000024c8                USBUART_DispatchClassRqst
 .text          0x00002530       0xa0 d:/psoccreator4.2/psoc creator/4.2/psoc creator/import/gnu/arm/5.4.1/bin/../lib/gcc/arm-none-eabi/5.4.1/armv7-m\libgcc.a(_aeabi_ldivmod.o)
                0x00002530                __aeabi_ldivmod
 .text          0x000025d0      0x2ec d:/psoccreator4.2/psoc creator/4.2/psoc creator/import/gnu/arm/5.4.1/bin/../lib/gcc/arm-none-eabi/5.4.1/armv7-m\libgcc.a(_udivmoddi4.o)
                0x000025d0                __udivmoddi4
 .text          0x000028bc        0x4 d:/psoccreator4.2/psoc creator/4.2/psoc creator/import/gnu/arm/5.4.1/bin/../lib/gcc/arm-none-eabi/5.4.1/armv7-m\libgcc.a(_dvmd_tls.o)
                0x000028bc                __aeabi_idiv0
                0x000028bc                __aeabi_ldiv0
 .text.__errno  0x000028c0        0xc d:/psoccreator4.2/psoc creator/4.2/psoc creator/import/gnu/arm/5.4.1/bin/../lib/gcc/arm-none-eabi/5.4.1/../../../../arm-none-eabi/lib/armv7-m\libg_nano.a(lib_a-errno.o)
                0x000028c0                __errno
 .text.__libc_init_array
                0x000028cc       0x4c d:/psoccreator4.2/psoc creator/4.2/psoc creator/import/gnu/arm/5.4.1/bin/../lib/gcc/arm-none-eabi/5.4.1/../../../../arm-none-eabi/lib/armv7-m\libg_nano.a(lib_a-init.o)
                0x000028cc                __libc_init_array
 .text.memcpy   0x00002918       0x16 d:/psoccreator4.2/psoc creator/4.2/psoc creator/import/gnu/arm/5.4.1/bin/../lib/gcc/arm-none-eabi/5.4.1/../../../../arm-none-eabi/lib/armv7-m\libg_nano.a(lib_a-memcpy-stub.o)
                0x00002918                memcpy
 .text.memset   0x0000292e       0x10 d:/psoccreator4.2/psoc creator/4.2/psoc creator/import/gnu/arm/5.4.1/bin/../lib/gcc/arm-none-eabi/5.4.1/../../../../arm-none-eabi/lib/armv7-m\libg_nano.a(lib_a-memset.o)
                0x0000292e                memset
 *fill*         0x0000293e        0x2 
 .text.sprintf  0x00002940       0x48 d:/psoccreator4.2/psoc creator/4.2/psoc creator/import/gnu/arm/5.4.1/bin/../lib/gcc/arm-none-eabi/5.4.1/../../../../arm-none-eabi/lib/armv7-m\libg_nano.a(lib_a-sprintf.o)
                0x00002940                siprintf
                0x00002940                sprintf
 .text.__ssputs_r
                0x00002988       0xb2 d:/psoccreator4.2/psoc creator/4.2/psoc creator/import/gnu/arm/5.4.1/bin/../lib/gcc/arm-none-eabi/5.4.1/../../../../arm-none-eabi/lib/armv7-m\libg_nano.a(lib_a-nano-svfprintf.o)
                0x00002988                __ssputs_r
 *fill*         0x00002a3a        0x2 
 .text._svfprintf_r
                0x00002a3c      0x1e8 d:/psoccreator4.2/psoc creator/4.2/psoc creator/import/gnu/arm/5.4.1/bin/../lib/gcc/arm-none-eabi/5.4.1/../../../../arm-none-eabi/lib/armv7-m\libg_nano.a(lib_a-nano-svfprintf.o)
                0x00002a3c                _svfiprintf_r
                0x00002a3c                _svfprintf_r
 .text._printf_common
                0x00002c24       0xec d:/psoccreator4.2/psoc creator/4.2/psoc creator/import/gnu/arm/5.4.1/bin/../lib/gcc/arm-none-eabi/5.4.1/../../../../arm-none-eabi/lib/armv7-m\libg_nano.a(lib_a-nano-vfprintf_i.o)
                0x00002c24                _printf_common
 .text._printf_i
                0x00002d10      0x24c d:/psoccreator4.2/psoc creator/4.2/psoc creator/import/gnu/arm/5.4.1/bin/../lib/gcc/arm-none-eabi/5.4.1/../../../../arm-none-eabi/lib/armv7-m\libg_nano.a(lib_a-nano-vfprintf_i.o)
                0x00002d10                _printf_i
 .text.memchr   0x00002f5c       0x1c d:/psoccreator4.2/psoc creator/4.2/psoc creator/import/gnu/arm/5.4.1/bin/../lib/gcc/arm-none-eabi/5.4.1/../../../../arm-none-eabi/lib/armv7-m\libg_nano.a(lib_a-memchr-stub.o)
                0x00002f5c                memchr
 .text.memmove  0x00002f78       0x36 d:/psoccreator4.2/psoc creator/4.2/psoc creator/import/gnu/arm/5.4.1/bin/../lib/gcc/arm-none-eabi/5.4.1/../../../../arm-none-eabi/lib/armv7-m\libg_nano.a(lib_a-memmove.o)
                0x00002f78                memmove
 *fill*         0x00002fae        0x2 
 .text._free_r  0x00002fb0       0x98 d:/psoccreator4.2/psoc creator/4.2/psoc creator/import/gnu/arm/5.4.1/bin/../lib/gcc/arm-none-eabi/5.4.1/../../../../arm-none-eabi/lib/armv7-m\libg_nano.a(lib_a-nano-freer.o)
                0x00002fb0                _free_r
 .text._malloc_r
                0x00003048       0xbc d:/psoccreator4.2/psoc creator/4.2/psoc creator/import/gnu/arm/5.4.1/bin/../lib/gcc/arm-none-eabi/5.4.1/../../../../arm-none-eabi/lib/armv7-m\libg_nano.a(lib_a-nano-mallocr.o)
                0x00003048                _malloc_r
 .text._realloc_r
                0x00003104       0x4c d:/psoccreator4.2/psoc creator/4.2/psoc creator/import/gnu/arm/5.4.1/bin/../lib/gcc/arm-none-eabi/5.4.1/../../../../arm-none-eabi/lib/armv7-m\libg_nano.a(lib_a-nano-reallocr.o)
                0x00003104                _realloc_r
 .text._sbrk_r  0x00003150       0x20 d:/psoccreator4.2/psoc creator/4.2/psoc creator/import/gnu/arm/5.4.1/bin/../lib/gcc/arm-none-eabi/5.4.1/../../../../arm-none-eabi/lib/armv7-m\libg_nano.a(lib_a-sbrkr.o)
                0x00003150                _sbrk_r
 .text.__malloc_lock
                0x00003170        0x2 d:/psoccreator4.2/psoc creator/4.2/psoc creator/import/gnu/arm/5.4.1/bin/../lib/gcc/arm-none-eabi/5.4.1/../../../../arm-none-eabi/lib/armv7-m\libg_nano.a(lib_a-mlock.o)
                0x00003170                __malloc_lock
 .text.__malloc_unlock
                0x00003172        0x2 d:/psoccreator4.2/psoc creator/4.2/psoc creator/import/gnu/arm/5.4.1/bin/../lib/gcc/arm-none-eabi/5.4.1/../../../../arm-none-eabi/lib/armv7-m\libg_nano.a(lib_a-mlock.o)
                0x00003172                __malloc_unlock
 .text._malloc_usable_size_r
                0x00003174       0x14 d:/psoccreator4.2/psoc creator/4.2/psoc creator/import/gnu/arm/5.4.1/bin/../lib/gcc/arm-none-eabi/5.4.1/../../../../arm-none-eabi/lib/armv7-m\libg_nano.a(lib_a-nano-msizer.o)
                0x00003174                _malloc_usable_size_r
 *(.plt)
 *(.gnu.warning)
 *(.glue_7t)
 .glue_7t       0x00003188        0x0 linker stubs
 *(.glue_7)
 .glue_7        0x00003188        0x0 linker stubs
 *(.vfp11_veneer)
 .vfp11_veneer  0x00003188        0x0 linker stubs
 *(.bootloader)
 *(.ARM.extab* .gnu.linkonce.armextab.*)
 *(.gcc_except_table)

.v4_bx          0x00003188        0x0
 .v4_bx         0x00003188        0x0 linker stubs

.iplt           0x00003188        0x0
 .iplt          0x00003188        0x0 d:/psoccreator4.2/psoc creator/4.2/psoc creator/import/gnu/arm/5.4.1/bin/../lib/gcc/arm-none-eabi/5.4.1/armv7-m/crtbegin.o

.eh_frame_hdr
 *(.eh_frame_hdr)

.eh_frame       0x00003188        0x4
 *(.eh_frame)
 .eh_frame      0x00003188        0x0 d:/psoccreator4.2/psoc creator/4.2/psoc creator/import/gnu/arm/5.4.1/bin/../lib/gcc/arm-none-eabi/5.4.1/armv7-m/crtbegin.o
 .eh_frame      0x00003188        0x4 d:/psoccreator4.2/psoc creator/4.2/psoc creator/import/gnu/arm/5.4.1/bin/../lib/gcc/arm-none-eabi/5.4.1/armv7-m/crtend.o
                [!provide]                PROVIDE (__exidx_start, .)

.ARM.exidx      0x0000318c        0x8
 *(.ARM.exidx* .gnu.linkonce.armexidx.*)
 .ARM.exidx     0x0000318c        0x8 d:/psoccreator4.2/psoc creator/4.2/psoc creator/import/gnu/arm/5.4.1/bin/../lib/gcc/arm-none-eabi/5.4.1/armv7-m\libgcc.a(_udivmoddi4.o)
                0x00003194                __exidx_end = .

.rodata         0x00003194      0x2b4
 *(.rodata .rodata.* .gnu.linkonce.r.*)
 .rodata.str1.4
                0x00003194       0x3b .\CortexM3\ARM_GCC_541\Debug\main.o
 *fill*         0x000031cf        0x1 
 .rodata        0x000031d0       0x24 .\CortexM3\ARM_GCC_541\Debug\cyfitter_cfg.o
 .rodata.str1.4
                0x000031f4       0x14 .\CortexM3\ARM_GCC_541\Debug\Distance.a(USBUART_std.o)
                                 0x11 (size before relaxing)
 .rodata        0x00003208      0x1d2 .\CortexM3\ARM_GCC_541\Debug\Distance.a(USBUART_descr.o)
                0x00003208                USBUART_MSOS_CONFIGURATION_DESCR
                0x00003230                USBUART_MSOS_DESCRIPTOR
                0x00003244                USBUART_TABLE
                0x0000324c                USBUART_DEVICE0_TABLE
                0x00003264                USBUART_DEVICE0_CONFIGURATION0_TABLE
                0x0000328c                USBUART_DEVICE0_CONFIGURATION0_INTERFACE_CLASS
                0x00003290                USBUART_DEVICE0_CONFIGURATION0_EP_SETTINGS_TABLE
                0x000032a8                USBUART_HIDREPORT_DESCRIPTOR1
                0x000032e0                USBUART_SN_STRING_DESCRIPTOR
                0x000032e4                USBUART_STRING_DESCRIPTORS
                0x00003384                USBUART_DEVICE0_CONFIGURATION0_DESCR
                0x000033c8                USBUART_DEVICE0_DESCR
 .rodata.str1.1
                0x000033da        0x2 d:/psoccreator4.2/psoc creator/4.2/psoc creator/import/gnu/arm/5.4.1/bin/../lib/gcc/arm-none-eabi/5.4.1/../../../../arm-none-eabi/lib/armv7-m\libg_nano.a(lib_a-impure.o)
 .rodata.str1.1
                0x000033dc       0x11 d:/psoccreator4.2/psoc creator/4.2/psoc creator/import/gnu/arm/5.4.1/bin/../lib/gcc/arm-none-eabi/5.4.1/../../../../arm-none-eabi/lib/armv7-m\libg_nano.a(lib_a-nano-svfprintf.o)
 .rodata.str1.1
                0x000033ed       0x22 d:/psoccreator4.2/psoc creator/4.2/psoc creator/import/gnu/arm/5.4.1/bin/../lib/gcc/arm-none-eabi/5.4.1/../../../../arm-none-eabi/lib/armv7-m\libg_nano.a(lib_a-nano-vfprintf_i.o)
                0x00003410                . = ALIGN (0x4)
 *fill*         0x0000340f        0x1 
 *(.init)
 .init          0x00003410        0x4 d:/psoccreator4.2/psoc creator/4.2/psoc creator/import/gnu/arm/5.4.1/bin/../lib/gcc/arm-none-eabi/5.4.1/armv7-m/crti.o
                0x00003410                _init
 .init          0x00003414        0x8 d:/psoccreator4.2/psoc creator/4.2/psoc creator/import/gnu/arm/5.4.1/bin/../lib/gcc/arm-none-eabi/5.4.1/armv7-m/crtn.o
                0x0000341c                . = ALIGN (0x4)
                0x0000341c                __preinit_array_start = .
 *(.preinit_array)
                0x0000341c                __preinit_array_end = .
                0x0000341c                . = ALIGN (0x4)
                0x0000341c                __init_array_start = .
 *(SORT(.init_array.*))
 *(.init_array)
 .init_array    0x0000341c        0x4 d:/psoccreator4.2/psoc creator/4.2/psoc creator/import/gnu/arm/5.4.1/bin/../lib/gcc/arm-none-eabi/5.4.1/armv7-m/crtbegin.o
 .init_array    0x00003420        0x4 .\CortexM3\ARM_GCC_541\Debug\Cm3Start.o
                0x00003424                __init_array_end = .
                0x00003424                . = ALIGN (0x4)
 *(.fini)
 .fini          0x00003424        0x4 d:/psoccreator4.2/psoc creator/4.2/psoc creator/import/gnu/arm/5.4.1/bin/../lib/gcc/arm-none-eabi/5.4.1/armv7-m/crti.o
                0x00003424                _fini
 .fini          0x00003428        0x8 d:/psoccreator4.2/psoc creator/4.2/psoc creator/import/gnu/arm/5.4.1/bin/../lib/gcc/arm-none-eabi/5.4.1/armv7-m/crtn.o
                0x00003430                . = ALIGN (0x4)
                0x00003430                __fini_array_start = .
 *(.fini_array)
 .fini_array    0x00003430        0x4 d:/psoccreator4.2/psoc creator/4.2/psoc creator/import/gnu/arm/5.4.1/bin/../lib/gcc/arm-none-eabi/5.4.1/armv7-m/crtbegin.o
 *(SORT(.fini_array.*))
                0x00003434                __fini_array_end = .
                0x00003434                . = ALIGN (0x4)
 *crtbegin.o(.ctors)
 *(EXCLUDE_FILE(*crtend.o) .ctors)
 *(SORT(.ctors.*))
 *crtend.o(.ctors)
                0x00003434                . = ALIGN (0x4)
 *crtbegin.o(.dtors)
 *(EXCLUDE_FILE(*crtend.o) .dtors)
 *(SORT(.dtors.*))
 *crtend.o(.dtors)
                0x00003434                . = ALIGN (0x4)
                0x00003434                __cy_regions = .
                0x00003434        0x4 LONG 0x3448 __cy_region_init_ram
                0x00003438        0x4 LONG 0x1fff80c8 __cy_region_start_data
                0x0000343c        0x4 LONG 0x98 __cy_region_init_size_ram
                0x00003440        0x4 LONG 0x120 __cy_region_zero_size_ram
                0x00003444                __cy_regions_end = .
                0x00003448                . = ALIGN (0x8)
 *fill*         0x00003444        0x4 
                0x00003448                _etext = .

.cy_checksum_exclude
                0x00003448        0x0
 *(.cy_checksum_exclude)

.ramvectors     0x1fff8000       0xc0
                0x1fff8000                __cy_region_start_ram = .
 *(.ramvectors)
 .ramvectors    0x1fff8000       0xc0 .\CortexM3\ARM_GCC_541\Debug\Cm3Start.o
                0x1fff8000                CyRamVectors

.noinit         0x1fff80c0        0x1
 *(.noinit)
 .noinit        0x1fff80c0        0x1 .\CortexM3\ARM_GCC_541\Debug\Distance.a(CyLib.o)
                0x1fff80c0                CyResetStatus

.data           0x1fff80c8       0x98 load address 0x00003448
                0x1fff80c8                __cy_region_start_data = .
 *(.jcr)
 .jcr           0x1fff80c8        0x0 d:/psoccreator4.2/psoc creator/4.2/psoc creator/import/gnu/arm/5.4.1/bin/../lib/gcc/arm-none-eabi/5.4.1/armv7-m/crtbegin.o
 .jcr           0x1fff80c8        0x4 d:/psoccreator4.2/psoc creator/4.2/psoc creator/import/gnu/arm/5.4.1/bin/../lib/gcc/arm-none-eabi/5.4.1/armv7-m/crtend.o
 *(.got.plt)
 *(.got)
 *(.shdata)
 *(.data .data.* .gnu.linkonce.d.*)
 .data          0x1fff80cc        0x4 .\CortexM3\ARM_GCC_541\Debug\Cm3Start.o
 .data          0x1fff80d0       0x10 .\CortexM3\ARM_GCC_541\Debug\Distance.a(CyLib.o)
                0x1fff80d0                cydelay_32k_ms
                0x1fff80d4                cydelay_freq_khz
                0x1fff80d8                cydelay_freq_mhz
                0x1fff80dc                cydelay_freq_hz
 .data          0x1fff80e0       0x1a .\CortexM3\ARM_GCC_541\Debug\Distance.a(USBUART_cdc.o)
                0x1fff80e0                USBUART_linesCoding
 *fill*         0x1fff80fa        0x2 
 .data.impure_data
                0x1fff80fc       0x60 d:/psoccreator4.2/psoc creator/4.2/psoc creator/import/gnu/arm/5.4.1/bin/../lib/gcc/arm-none-eabi/5.4.1/../../../../arm-none-eabi/lib/armv7-m\libg_nano.a(lib_a-impure.o)
 .data._impure_ptr
                0x1fff815c        0x4 d:/psoccreator4.2/psoc creator/4.2/psoc creator/import/gnu/arm/5.4.1/bin/../lib/gcc/arm-none-eabi/5.4.1/../../../../arm-none-eabi/lib/armv7-m\libg_nano.a(lib_a-impure.o)
                0x1fff815c                _impure_ptr
                0x1fff8160                . = ALIGN (0x8)
 *(.ram)
                0x1fff8160                _edata = .

.igot.plt       0x1fff8160        0x0 load address 0x000034e0
 .igot.plt      0x1fff8160        0x0 d:/psoccreator4.2/psoc creator/4.2/psoc creator/import/gnu/arm/5.4.1/bin/../lib/gcc/arm-none-eabi/5.4.1/armv7-m/crtbegin.o

.bss            0x1fff8160      0x120 load address 0x000034e0
                0x1fff8160                PROVIDE (__bss_start__, .)
 *(.shbss)
 *(.bss .bss.* .gnu.linkonce.b.*)
 .bss           0x1fff8160       0x1c d:/psoccreator4.2/psoc creator/4.2/psoc creator/import/gnu/arm/5.4.1/bin/../lib/gcc/arm-none-eabi/5.4.1/armv7-m/crtbegin.o
 .bss           0x1fff817c        0xa .\CortexM3\ARM_GCC_541\Debug\main.o
                0x1fff817c                timeout
                0x1fff8180                period
                0x1fff8182                temp
                0x1fff8184                v
 .bss           0x1fff8186        0x2 .\CortexM3\ARM_GCC_541\Debug\Distance.a(LCD.o)
                0x1fff8186                LCD_enableState
                0x1fff8187                LCD_initVar
 .bss           0x1fff8188        0x1 .\CortexM3\ARM_GCC_541\Debug\Distance.a(Timer.o)
                0x1fff8188                Timer_initVar
 .bss           0x1fff8189        0x1 .\CortexM3\ARM_GCC_541\Debug\Distance.a(USBUART.o)
                0x1fff8189                USBUART_initVar
 .bss           0x1fff818a        0x1 .\CortexM3\ARM_GCC_541\Debug\Distance.a(USBUART_cdc.o)
 *fill*         0x1fff818b        0x1 
 .bss           0x1fff818c        0x2 .\CortexM3\ARM_GCC_541\Debug\Distance.a(USBUART_std.o)
 .bss           0x1fff818e        0x2 .\CortexM3\ARM_GCC_541\Debug\Distance.a(UART.o)
                0x1fff818e                UART_initVar
 .bss.__malloc_sbrk_start
                0x1fff8190        0x4 d:/psoccreator4.2/psoc creator/4.2/psoc creator/import/gnu/arm/5.4.1/bin/../lib/gcc/arm-none-eabi/5.4.1/../../../../arm-none-eabi/lib/armv7-m\libg_nano.a(lib_a-nano-mallocr.o)
                0x1fff8190                __malloc_sbrk_start
 .bss.__malloc_free_list
                0x1fff8194        0x4 d:/psoccreator4.2/psoc creator/4.2/psoc creator/import/gnu/arm/5.4.1/bin/../lib/gcc/arm-none-eabi/5.4.1/../../../../arm-none-eabi/lib/armv7-m\libg_nano.a(lib_a-nano-mallocr.o)
                0x1fff8194                __malloc_free_list
 *(COMMON)
 COMMON         0x1fff8198       0x18 .\CortexM3\ARM_GCC_541\Debug\Distance.a(USBUART_cdc.o)
                0x1fff8198                USBUART_linesChanged
                0x1fff819c                USBUART_cdcDataInEp
                0x1fff81a0                USBUART_cdcCommInInterruptEp
                0x1fff81a4                USBUART_cdcDataOutEp
                0x1fff81a8                USBUART_serialStateBitmap
                0x1fff81ac                USBUART_linesControlBitmap
 COMMON         0x1fff81b0       0x9a .\CortexM3\ARM_GCC_541\Debug\Distance.a(USBUART_drv.o)
                0x1fff81b0                USBUART_lastPacketSize
                0x1fff81b1                USBUART_device
                0x1fff81b2                USBUART_transferByteCount
                0x1fff81b4                USBUART_transferState
                0x1fff81b8                USBUART_interfaceSettingLast
                0x1fff81bc                USBUART_currentTD
                0x1fff81c8                USBUART_interfaceNumber
                0x1fff81cc                USBUART_interfaceClass
                0x1fff81d0                USBUART_configurationChanged
                0x1fff81d1                USBUART_ep0Mode
                0x1fff81d2                USBUART_deviceAddress
                0x1fff81d3                USBUART_configuration
                0x1fff81d4                USBUART_ep0Count
                0x1fff81d5                USBUART_deviceStatus
                0x1fff81d8                USBUART_EP
                0x1fff8244                USBUART_interfaceSetting
                0x1fff8246                USBUART_ep0Toggle
                0x1fff8248                USBUART_interfaceStatus
 *fill*         0x1fff824a        0x2 
 COMMON         0x1fff824c        0xa .\CortexM3\ARM_GCC_541\Debug\Distance.a(USBUART_hid.o)
                0x1fff824c                USBUART_hidProtocol
                0x1fff8250                USBUART_hidIdleTimer
                0x1fff8254                USBUART_hidIdleRate
 *fill*         0x1fff8256        0x2 
 COMMON         0x1fff8258       0x22 .\CortexM3\ARM_GCC_541\Debug\Distance.a(USBUART_descr.o)
                0x1fff8258                USBUART_idSerialNumberStringDescriptor
 *fill*         0x1fff827a        0x2 
 COMMON         0x1fff827c        0x4 d:/psoccreator4.2/psoc creator/4.2/psoc creator/import/gnu/arm/5.4.1/bin/../lib/gcc/arm-none-eabi/5.4.1/../../../../arm-none-eabi/lib/armv7-m\libg_nano.a(lib_a-reent.o)
                0x1fff827c                errno
                0x1fff8280                . = ALIGN (0x8)
 *(.ram.b)
                0x1fff8280                _end = .
                0x1fff8280                __end = .
                0x1fff8280                PROVIDE (end, .)
                0x1fff8280                PROVIDE (__bss_end__, .)
                0x00003448                __cy_region_init_ram = LOADADDR (.data)
                0x00000098                __cy_region_init_size_ram = (_edata - ADDR (.data))
                0x00000120                __cy_region_zero_size_ram = (_end - _edata)

.heap           0x1fff8280       0x80 load address 0x000034e0
                0x1fff8280                . = _end
                0x1fff8300                . = (. + 0x80)
 *fill*         0x1fff8280       0x80 
                0x1fff8300                __cy_heap_limit = .

.stack          0x20007800      0x800
                0x20007800                __cy_stack_limit = .
                0x20008000                . = (. + 0x800)
 *fill*         0x20007800      0x800 
                0x00000001                ASSERT ((__cy_stack_limit >= __cy_heap_limit), region RAM overflowed with stack)
                0x00000000                cy_checksum_exclude_size = (CY_APPL_LOADABLE == 0x1)?SIZEOF (.cy_checksum_exclude):0x0
                0x00000001                ASSERT ((cy_checksum_exclude_size <= CY_CHECKSUM_EXCLUDE_SIZE), CY_BOOT: Section .cy_checksum_exclude size exceedes specified limit.)

.cyloadermeta
 *(.cyloadermeta)

.cyloadablemeta
 *(.cyloadablemeta)

.cyconfigecc    0x80000000      0x51c
 *(.cyconfigecc)
 .cyconfigecc   0x80000000      0x51c .\CortexM3\ARM_GCC_541\Debug\cymetadata.o
                0x80000000                cy_meta_configecc

.cycustnvl      0x90000000        0x4
 *(.cycustnvl)
 .cycustnvl     0x90000000        0x4 .\CortexM3\ARM_GCC_541\Debug\cymetadata.o
                0x90000000                cy_meta_custnvl

.cywolatch      0x90100000        0x4
 *(.cywolatch)
 .cywolatch     0x90100000        0x4 .\CortexM3\ARM_GCC_541\Debug\cymetadata.o
                0x90100000                cy_meta_wonvl

.cyeeprom       0x90200000        0x0
 *(.cyeeprom)
                0x00000001                ASSERT ((. <= ((0x90200000 + ee_offset) + ee_size)), .cyeeprom data will not fit in EEPROM)

.cyflashprotect
                0x90400000      0x100
 *(.cyflashprotect)
 .cyflashprotect
                0x90400000      0x100 .\CortexM3\ARM_GCC_541\Debug\cymetadata.o
                0x90400000                cy_meta_flashprotect

.cymeta         0x90500000        0xc
 *(.cymeta)
 .cymeta        0x90500000        0xc .\CortexM3\ARM_GCC_541\Debug\cymetadata.o
                0x90500000                cy_metadata

.rel.dyn        0x000034e0        0x0 load address 0x9050000c
 .rel.iplt      0x000034e0        0x0 d:/psoccreator4.2/psoc creator/4.2/psoc creator/import/gnu/arm/5.4.1/bin/../lib/gcc/arm-none-eabi/5.4.1/armv7-m/crtbegin.o

.stab
 *(.stab)

.stabstr
 *(.stabstr)

.debug
 *(.debug)

.line
 *(.line)

.debug_srcinfo
 *(.debug_srcinfo)

.debug_sfnames
 *(.debug_sfnames)

.debug_aranges  0x00000000      0xde0
 *(.debug_aranges)
 .debug_aranges
                0x00000000       0x48 .\CortexM3\ARM_GCC_541\Debug\main.o
 .debug_aranges
                0x00000048       0x30 .\CortexM3\ARM_GCC_541\Debug\servo.o
 .debug_aranges
                0x00000078       0x58 .\CortexM3\ARM_GCC_541\Debug\cyfitter_cfg.o
 .debug_aranges
                0x000000d0       0x18 .\CortexM3\ARM_GCC_541\Debug\cymetadata.o
 .debug_aranges
                0x000000e8       0x48 .\CortexM3\ARM_GCC_541\Debug\Cm3Start.o
 .debug_aranges
                0x00000130       0x38 .\CortexM3\ARM_GCC_541\Debug\Distance.a(Tx.o)
 .debug_aranges
                0x00000168       0x38 .\CortexM3\ARM_GCC_541\Debug\Distance.a(Rx.o)
 .debug_aranges
                0x000001a0       0x98 .\CortexM3\ARM_GCC_541\Debug\Distance.a(LCD.o)
 .debug_aranges
                0x00000238      0x2a0 .\CortexM3\ARM_GCC_541\Debug\Distance.a(CyLib.o)
 .debug_aranges
                0x000004d8       0x98 .\CortexM3\ARM_GCC_541\Debug\Distance.a(cyPm.o)
 .debug_aranges
                0x00000570       0x90 .\CortexM3\ARM_GCC_541\Debug\Distance.a(Timer.o)
 .debug_aranges
                0x00000600       0x70 .\CortexM3\ARM_GCC_541\Debug\Distance.a(Clock.o)
 .debug_aranges
                0x00000670       0x80 .\CortexM3\ARM_GCC_541\Debug\Distance.a(TimeoutISR.o)
 .debug_aranges
                0x000006f0       0x38 .\CortexM3\ARM_GCC_541\Debug\Distance.a(LED.o)
 .debug_aranges
                0x00000728       0xc8 .\CortexM3\ARM_GCC_541\Debug\Distance.a(USBUART.o)
 .debug_aranges
                0x000007f0       0xe8 .\CortexM3\ARM_GCC_541\Debug\Distance.a(USBUART_cdc.o)
 .debug_aranges
                0x000008d8       0x98 .\CortexM3\ARM_GCC_541\Debug\Distance.a(USBUART_drv.o)
 .debug_aranges
                0x00000970       0x40 .\CortexM3\ARM_GCC_541\Debug\Distance.a(USBUART_episr.o)
 .debug_aranges
                0x000009b0       0x48 .\CortexM3\ARM_GCC_541\Debug\Distance.a(USBUART_hid.o)
 .debug_aranges
                0x000009f8       0x40 .\CortexM3\ARM_GCC_541\Debug\Distance.a(USBUART_pm.o)
 .debug_aranges
                0x00000a38       0x80 .\CortexM3\ARM_GCC_541\Debug\Distance.a(USBUART_std.o)
 .debug_aranges
                0x00000ab8       0x20 .\CortexM3\ARM_GCC_541\Debug\Distance.a(USBUART_vnd.o)
 .debug_aranges
                0x00000ad8       0x48 .\CortexM3\ARM_GCC_541\Debug\Distance.a(USBUART_Dp.o)
 .debug_aranges
                0x00000b20       0xf0 .\CortexM3\ARM_GCC_541\Debug\Distance.a(UART.o)
 .debug_aranges
                0x00000c10       0x70 .\CortexM3\ARM_GCC_541\Debug\Distance.a(UART_IntClock.o)
 .debug_aranges
                0x00000c80       0x20 .\CortexM3\ARM_GCC_541\Debug\Distance.a(CyBootAsmGnu.o)
 .debug_aranges
                0x00000ca0       0x88 .\CortexM3\ARM_GCC_541\Debug\Distance.a(CyFlash.o)
 .debug_aranges
                0x00000d28       0x80 .\CortexM3\ARM_GCC_541\Debug\Distance.a(CySpc.o)
 .debug_aranges
                0x00000da8       0x20 .\CortexM3\ARM_GCC_541\Debug\Distance.a(USBUART_cls.o)
 .debug_aranges
                0x00000dc8       0x18 .\CortexM3\ARM_GCC_541\Debug\Distance.a(USBUART_descr.o)

.debug_pubnames
 *(.debug_pubnames)

.debug_info     0x00000000     0x9382
 *(.debug_info .gnu.linkonce.wi.*)
 .debug_info    0x00000000      0x707 .\CortexM3\ARM_GCC_541\Debug\main.o
 .debug_info    0x00000707      0x561 .\CortexM3\ARM_GCC_541\Debug\servo.o
 .debug_info    0x00000c68      0x538 .\CortexM3\ARM_GCC_541\Debug\cyfitter_cfg.o
 .debug_info    0x000011a0      0x136 .\CortexM3\ARM_GCC_541\Debug\cymetadata.o
 .debug_info    0x000012d6      0x3bb .\CortexM3\ARM_GCC_541\Debug\Cm3Start.o
 .debug_info    0x00001691      0x11f .\CortexM3\ARM_GCC_541\Debug\Distance.a(Tx.o)
 .debug_info    0x000017b0      0x11f .\CortexM3\ARM_GCC_541\Debug\Distance.a(Rx.o)
 .debug_info    0x000018cf      0x715 .\CortexM3\ARM_GCC_541\Debug\Distance.a(LCD.o)
 .debug_info    0x00001fe4     0x1374 .\CortexM3\ARM_GCC_541\Debug\Distance.a(CyLib.o)
 .debug_info    0x00003358      0xa2a .\CortexM3\ARM_GCC_541\Debug\Distance.a(cyPm.o)
 .debug_info    0x00003d82      0x2ee .\CortexM3\ARM_GCC_541\Debug\Distance.a(Timer.o)
 .debug_info    0x00004070      0x283 .\CortexM3\ARM_GCC_541\Debug\Distance.a(Clock.o)
 .debug_info    0x000042f3      0x2d2 .\CortexM3\ARM_GCC_541\Debug\Distance.a(TimeoutISR.o)
 .debug_info    0x000045c5      0x11f .\CortexM3\ARM_GCC_541\Debug\Distance.a(LED.o)
 .debug_info    0x000046e4      0x9c5 .\CortexM3\ARM_GCC_541\Debug\Distance.a(USBUART.o)
 .debug_info    0x000050a9      0xaf7 .\CortexM3\ARM_GCC_541\Debug\Distance.a(USBUART_cdc.o)
 .debug_info    0x00005ba0      0x655 .\CortexM3\ARM_GCC_541\Debug\Distance.a(USBUART_drv.o)
 .debug_info    0x000061f5      0x254 .\CortexM3\ARM_GCC_541\Debug\Distance.a(USBUART_episr.o)
 .debug_info    0x00006449      0x43b .\CortexM3\ARM_GCC_541\Debug\Distance.a(USBUART_hid.o)
 .debug_info    0x00006884      0x2e4 .\CortexM3\ARM_GCC_541\Debug\Distance.a(USBUART_pm.o)
 .debug_info    0x00006b68      0xb36 .\CortexM3\ARM_GCC_541\Debug\Distance.a(USBUART_std.o)
 .debug_info    0x0000769e      0x1be .\CortexM3\ARM_GCC_541\Debug\Distance.a(USBUART_vnd.o)
 .debug_info    0x0000785c      0x174 .\CortexM3\ARM_GCC_541\Debug\Distance.a(USBUART_Dp.o)
 .debug_info    0x000079d0      0x60c .\CortexM3\ARM_GCC_541\Debug\Distance.a(UART.o)
 .debug_info    0x00007fdc      0x283 .\CortexM3\ARM_GCC_541\Debug\Distance.a(UART_IntClock.o)
 .debug_info    0x0000825f       0x89 .\CortexM3\ARM_GCC_541\Debug\Distance.a(CyBootAsmGnu.o)
 .debug_info    0x000082e8      0x64d .\CortexM3\ARM_GCC_541\Debug\Distance.a(CyFlash.o)
 .debug_info    0x00008935      0x550 .\CortexM3\ARM_GCC_541\Debug\Distance.a(CySpc.o)
 .debug_info    0x00008e85      0x1f2 .\CortexM3\ARM_GCC_541\Debug\Distance.a(USBUART_cls.o)
 .debug_info    0x00009077      0x30b .\CortexM3\ARM_GCC_541\Debug\Distance.a(USBUART_descr.o)

.debug_abbrev   0x00000000     0x2629
 *(.debug_abbrev)
 .debug_abbrev  0x00000000      0x1a4 .\CortexM3\ARM_GCC_541\Debug\main.o
 .debug_abbrev  0x000001a4       0xcb .\CortexM3\ARM_GCC_541\Debug\servo.o
 .debug_abbrev  0x0000026f      0x1fe .\CortexM3\ARM_GCC_541\Debug\cyfitter_cfg.o
 .debug_abbrev  0x0000046d       0x77 .\CortexM3\ARM_GCC_541\Debug\cymetadata.o
 .debug_abbrev  0x000004e4      0x1e8 .\CortexM3\ARM_GCC_541\Debug\Cm3Start.o
 .debug_abbrev  0x000006cc       0x90 .\CortexM3\ARM_GCC_541\Debug\Distance.a(Tx.o)
 .debug_abbrev  0x0000075c       0x90 .\CortexM3\ARM_GCC_541\Debug\Distance.a(Rx.o)
 .debug_abbrev  0x000007ec      0x157 .\CortexM3\ARM_GCC_541\Debug\Distance.a(LCD.o)
 .debug_abbrev  0x00000943      0x254 .\CortexM3\ARM_GCC_541\Debug\Distance.a(CyLib.o)
 .debug_abbrev  0x00000b97      0x1ab .\CortexM3\ARM_GCC_541\Debug\Distance.a(cyPm.o)
 .debug_abbrev  0x00000d42      0x12b .\CortexM3\ARM_GCC_541\Debug\Distance.a(Timer.o)
 .debug_abbrev  0x00000e6d      0x139 .\CortexM3\ARM_GCC_541\Debug\Distance.a(Clock.o)
 .debug_abbrev  0x00000fa6      0x173 .\CortexM3\ARM_GCC_541\Debug\Distance.a(TimeoutISR.o)
 .debug_abbrev  0x00001119       0x90 .\CortexM3\ARM_GCC_541\Debug\Distance.a(LED.o)
 .debug_abbrev  0x000011a9      0x215 .\CortexM3\ARM_GCC_541\Debug\Distance.a(USBUART.o)
 .debug_abbrev  0x000013be      0x245 .\CortexM3\ARM_GCC_541\Debug\Distance.a(USBUART_cdc.o)
 .debug_abbrev  0x00001603      0x189 .\CortexM3\ARM_GCC_541\Debug\Distance.a(USBUART_drv.o)
 .debug_abbrev  0x0000178c      0x11b .\CortexM3\ARM_GCC_541\Debug\Distance.a(USBUART_episr.o)
 .debug_abbrev  0x000018a7      0x16d .\CortexM3\ARM_GCC_541\Debug\Distance.a(USBUART_hid.o)
 .debug_abbrev  0x00001a14      0x108 .\CortexM3\ARM_GCC_541\Debug\Distance.a(USBUART_pm.o)
 .debug_abbrev  0x00001b1c      0x20a .\CortexM3\ARM_GCC_541\Debug\Distance.a(USBUART_std.o)
 .debug_abbrev  0x00001d26       0xe1 .\CortexM3\ARM_GCC_541\Debug\Distance.a(USBUART_vnd.o)
 .debug_abbrev  0x00001e07       0x90 .\CortexM3\ARM_GCC_541\Debug\Distance.a(USBUART_Dp.o)
 .debug_abbrev  0x00001e97      0x175 .\CortexM3\ARM_GCC_541\Debug\Distance.a(UART.o)
 .debug_abbrev  0x0000200c      0x139 .\CortexM3\ARM_GCC_541\Debug\Distance.a(UART_IntClock.o)
 .debug_abbrev  0x00002145       0x14 .\CortexM3\ARM_GCC_541\Debug\Distance.a(CyBootAsmGnu.o)
 .debug_abbrev  0x00002159      0x1a7 .\CortexM3\ARM_GCC_541\Debug\Distance.a(CyFlash.o)
 .debug_abbrev  0x00002300      0x194 .\CortexM3\ARM_GCC_541\Debug\Distance.a(CySpc.o)
 .debug_abbrev  0x00002494       0xe1 .\CortexM3\ARM_GCC_541\Debug\Distance.a(USBUART_cls.o)
 .debug_abbrev  0x00002575       0xb4 .\CortexM3\ARM_GCC_541\Debug\Distance.a(USBUART_descr.o)

.debug_line     0x00000000     0x376e
 *(.debug_line)
 .debug_line    0x00000000      0x2fc .\CortexM3\ARM_GCC_541\Debug\main.o
 .debug_line    0x000002fc      0x1b6 .\CortexM3\ARM_GCC_541\Debug\servo.o
 .debug_line    0x000004b2      0x1ce .\CortexM3\ARM_GCC_541\Debug\cyfitter_cfg.o
 .debug_line    0x00000680      0x127 .\CortexM3\ARM_GCC_541\Debug\cymetadata.o
 .debug_line    0x000007a7      0x21a .\CortexM3\ARM_GCC_541\Debug\Cm3Start.o
 .debug_line    0x000009c1       0x8f .\CortexM3\ARM_GCC_541\Debug\Distance.a(Tx.o)
 .debug_line    0x00000a50       0x8f .\CortexM3\ARM_GCC_541\Debug\Distance.a(Rx.o)
 .debug_line    0x00000adf      0x1dc .\CortexM3\ARM_GCC_541\Debug\Distance.a(LCD.o)
 .debug_line    0x00000cbb      0x816 .\CortexM3\ARM_GCC_541\Debug\Distance.a(CyLib.o)
 .debug_line    0x000014d1      0x367 .\CortexM3\ARM_GCC_541\Debug\Distance.a(cyPm.o)
 .debug_line    0x00001838      0x170 .\CortexM3\ARM_GCC_541\Debug\Distance.a(Timer.o)
 .debug_line    0x000019a8      0x174 .\CortexM3\ARM_GCC_541\Debug\Distance.a(Clock.o)
 .debug_line    0x00001b1c      0x137 .\CortexM3\ARM_GCC_541\Debug\Distance.a(TimeoutISR.o)
 .debug_line    0x00001c53       0x90 .\CortexM3\ARM_GCC_541\Debug\Distance.a(LED.o)
 .debug_line    0x00001ce3      0x2fc .\CortexM3\ARM_GCC_541\Debug\Distance.a(USBUART.o)
 .debug_line    0x00001fdf      0x2f2 .\CortexM3\ARM_GCC_541\Debug\Distance.a(USBUART_cdc.o)
 .debug_line    0x000022d1      0x221 .\CortexM3\ARM_GCC_541\Debug\Distance.a(USBUART_drv.o)
 .debug_line    0x000024f2       0xe6 .\CortexM3\ARM_GCC_541\Debug\Distance.a(USBUART_episr.o)
 .debug_line    0x000025d8      0x14f .\CortexM3\ARM_GCC_541\Debug\Distance.a(USBUART_hid.o)
 .debug_line    0x00002727      0x10e .\CortexM3\ARM_GCC_541\Debug\Distance.a(USBUART_pm.o)
 .debug_line    0x00002835      0x3e3 .\CortexM3\ARM_GCC_541\Debug\Distance.a(USBUART_std.o)
 .debug_line    0x00002c18       0x8b .\CortexM3\ARM_GCC_541\Debug\Distance.a(USBUART_vnd.o)
 .debug_line    0x00002ca3       0xbb .\CortexM3\ARM_GCC_541\Debug\Distance.a(USBUART_Dp.o)
 .debug_line    0x00002d5e      0x2bc .\CortexM3\ARM_GCC_541\Debug\Distance.a(UART.o)
 .debug_line    0x0000301a      0x17c .\CortexM3\ARM_GCC_541\Debug\Distance.a(UART_IntClock.o)
 .debug_line    0x00003196       0x66 .\CortexM3\ARM_GCC_541\Debug\Distance.a(CyBootAsmGnu.o)
 .debug_line    0x000031fc      0x21a .\CortexM3\ARM_GCC_541\Debug\Distance.a(CyFlash.o)
 .debug_line    0x00003416      0x260 .\CortexM3\ARM_GCC_541\Debug\Distance.a(CySpc.o)
 .debug_line    0x00003676       0x97 .\CortexM3\ARM_GCC_541\Debug\Distance.a(USBUART_cls.o)
 .debug_line    0x0000370d       0x61 .\CortexM3\ARM_GCC_541\Debug\Distance.a(USBUART_descr.o)

.debug_frame    0x00000000     0x2688
 *(.debug_frame)
 .debug_frame   0x00000000       0xdc .\CortexM3\ARM_GCC_541\Debug\main.o
 .debug_frame   0x000000dc       0x80 .\CortexM3\ARM_GCC_541\Debug\servo.o
 .debug_frame   0x0000015c       0xe4 .\CortexM3\ARM_GCC_541\Debug\cyfitter_cfg.o
 .debug_frame   0x00000240       0xb8 .\CortexM3\ARM_GCC_541\Debug\Cm3Start.o
 .debug_frame   0x000002f8       0x50 .\CortexM3\ARM_GCC_541\Debug\Distance.a(Tx.o)
 .debug_frame   0x00000348       0x50 .\CortexM3\ARM_GCC_541\Debug\Distance.a(Rx.o)
 .debug_frame   0x00000398      0x1e8 .\CortexM3\ARM_GCC_541\Debug\Distance.a(LCD.o)
 .debug_frame   0x00000580      0x738 .\CortexM3\ARM_GCC_541\Debug\Distance.a(CyLib.o)
 .debug_frame   0x00000cb8      0x1f8 .\CortexM3\ARM_GCC_541\Debug\Distance.a(cyPm.o)
 .debug_frame   0x00000eb0      0x124 .\CortexM3\ARM_GCC_541\Debug\Distance.a(Timer.o)
 .debug_frame   0x00000fd4       0xe0 .\CortexM3\ARM_GCC_541\Debug\Distance.a(Clock.o)
 .debug_frame   0x000010b4      0x104 .\CortexM3\ARM_GCC_541\Debug\Distance.a(TimeoutISR.o)
 .debug_frame   0x000011b8       0x50 .\CortexM3\ARM_GCC_541\Debug\Distance.a(LED.o)
 .debug_frame   0x00001208      0x1dc .\CortexM3\ARM_GCC_541\Debug\Distance.a(USBUART.o)
 .debug_frame   0x000013e4      0x27c .\CortexM3\ARM_GCC_541\Debug\Distance.a(USBUART_cdc.o)
 .debug_frame   0x00001660      0x194 .\CortexM3\ARM_GCC_541\Debug\Distance.a(USBUART_drv.o)
 .debug_frame   0x000017f4       0x6c .\CortexM3\ARM_GCC_541\Debug\Distance.a(USBUART_episr.o)
 .debug_frame   0x00001860       0xa0 .\CortexM3\ARM_GCC_541\Debug\Distance.a(USBUART_hid.o)
 .debug_frame   0x00001900       0xa0 .\CortexM3\ARM_GCC_541\Debug\Distance.a(USBUART_pm.o)
 .debug_frame   0x000019a0      0x17c .\CortexM3\ARM_GCC_541\Debug\Distance.a(USBUART_std.o)
 .debug_frame   0x00001b1c       0x2c .\CortexM3\ARM_GCC_541\Debug\Distance.a(USBUART_vnd.o)
 .debug_frame   0x00001b48       0x70 .\CortexM3\ARM_GCC_541\Debug\Distance.a(USBUART_Dp.o)
 .debug_frame   0x00001bb8      0x250 .\CortexM3\ARM_GCC_541\Debug\Distance.a(UART.o)
 .debug_frame   0x00001e08       0xe0 .\CortexM3\ARM_GCC_541\Debug\Distance.a(UART_IntClock.o)
 .debug_frame   0x00001ee8      0x194 .\CortexM3\ARM_GCC_541\Debug\Distance.a(CyFlash.o)
 .debug_frame   0x0000207c      0x180 .\CortexM3\ARM_GCC_541\Debug\Distance.a(CySpc.o)
 .debug_frame   0x000021fc       0x2c .\CortexM3\ARM_GCC_541\Debug\Distance.a(USBUART_cls.o)
 .debug_frame   0x00002228       0x44 d:/psoccreator4.2/psoc creator/4.2/psoc creator/import/gnu/arm/5.4.1/bin/../lib/gcc/arm-none-eabi/5.4.1/armv7-m\libgcc.a(_aeabi_ldivmod.o)
 .debug_frame   0x0000226c       0x38 d:/psoccreator4.2/psoc creator/4.2/psoc creator/import/gnu/arm/5.4.1/bin/../lib/gcc/arm-none-eabi/5.4.1/armv7-m\libgcc.a(_udivmoddi4.o)
 .debug_frame   0x000022a4       0x20 d:/psoccreator4.2/psoc creator/4.2/psoc creator/import/gnu/arm/5.4.1/bin/../lib/gcc/arm-none-eabi/5.4.1/../../../../arm-none-eabi/lib/armv7-m\libg_nano.a(lib_a-errno.o)
 .debug_frame   0x000022c4       0x28 d:/psoccreator4.2/psoc creator/4.2/psoc creator/import/gnu/arm/5.4.1/bin/../lib/gcc/arm-none-eabi/5.4.1/../../../../arm-none-eabi/lib/armv7-m\libg_nano.a(lib_a-exit.o)
 .debug_frame   0x000022ec       0x2c d:/psoccreator4.2/psoc creator/4.2/psoc creator/import/gnu/arm/5.4.1/bin/../lib/gcc/arm-none-eabi/5.4.1/../../../../arm-none-eabi/lib/armv7-m\libg_nano.a(lib_a-init.o)
 .debug_frame   0x00002318       0x28 d:/psoccreator4.2/psoc creator/4.2/psoc creator/import/gnu/arm/5.4.1/bin/../lib/gcc/arm-none-eabi/5.4.1/../../../../arm-none-eabi/lib/armv7-m\libg_nano.a(lib_a-memcpy-stub.o)
 .debug_frame   0x00002340       0x20 d:/psoccreator4.2/psoc creator/4.2/psoc creator/import/gnu/arm/5.4.1/bin/../lib/gcc/arm-none-eabi/5.4.1/../../../../arm-none-eabi/lib/armv7-m\libg_nano.a(lib_a-memset.o)
 .debug_frame   0x00002360       0x70 d:/psoccreator4.2/psoc creator/4.2/psoc creator/import/gnu/arm/5.4.1/bin/../lib/gcc/arm-none-eabi/5.4.1/../../../../arm-none-eabi/lib/armv7-m\libg_nano.a(lib_a-sprintf.o)
 .debug_frame   0x000023d0       0x90 d:/psoccreator4.2/psoc creator/4.2/psoc creator/import/gnu/arm/5.4.1/bin/../lib/gcc/arm-none-eabi/5.4.1/../../../../arm-none-eabi/lib/armv7-m\libg_nano.a(lib_a-nano-svfprintf.o)
 .debug_frame   0x00002460       0x60 d:/psoccreator4.2/psoc creator/4.2/psoc creator/import/gnu/arm/5.4.1/bin/../lib/gcc/arm-none-eabi/5.4.1/../../../../arm-none-eabi/lib/armv7-m\libg_nano.a(lib_a-nano-vfprintf_i.o)
 .debug_frame   0x000024c0       0x28 d:/psoccreator4.2/psoc creator/4.2/psoc creator/import/gnu/arm/5.4.1/bin/../lib/gcc/arm-none-eabi/5.4.1/../../../../arm-none-eabi/lib/armv7-m\libg_nano.a(lib_a-memchr-stub.o)
 .debug_frame   0x000024e8       0x28 d:/psoccreator4.2/psoc creator/4.2/psoc creator/import/gnu/arm/5.4.1/bin/../lib/gcc/arm-none-eabi/5.4.1/../../../../arm-none-eabi/lib/armv7-m\libg_nano.a(lib_a-memmove.o)
 .debug_frame   0x00002510       0x38 d:/psoccreator4.2/psoc creator/4.2/psoc creator/import/gnu/arm/5.4.1/bin/../lib/gcc/arm-none-eabi/5.4.1/../../../../arm-none-eabi/lib/armv7-m\libg_nano.a(lib_a-nano-freer.o)
 .debug_frame   0x00002548       0x2c d:/psoccreator4.2/psoc creator/4.2/psoc creator/import/gnu/arm/5.4.1/bin/../lib/gcc/arm-none-eabi/5.4.1/../../../../arm-none-eabi/lib/armv7-m\libg_nano.a(lib_a-nano-mallocr.o)
 .debug_frame   0x00002574       0x3c d:/psoccreator4.2/psoc creator/4.2/psoc creator/import/gnu/arm/5.4.1/bin/../lib/gcc/arm-none-eabi/5.4.1/../../../../arm-none-eabi/lib/armv7-m\libg_nano.a(lib_a-nano-reallocr.o)
 .debug_frame   0x000025b0       0x2c d:/psoccreator4.2/psoc creator/4.2/psoc creator/import/gnu/arm/5.4.1/bin/../lib/gcc/arm-none-eabi/5.4.1/../../../../arm-none-eabi/lib/armv7-m\libg_nano.a(lib_a-sbrkr.o)
 .debug_frame   0x000025dc       0x30 d:/psoccreator4.2/psoc creator/4.2/psoc creator/import/gnu/arm/5.4.1/bin/../lib/gcc/arm-none-eabi/5.4.1/../../../../arm-none-eabi/lib/armv7-m\libg_nano.a(lib_a-mlock.o)
 .debug_frame   0x0000260c       0x20 d:/psoccreator4.2/psoc creator/4.2/psoc creator/import/gnu/arm/5.4.1/bin/../lib/gcc/arm-none-eabi/5.4.1/../../../../arm-none-eabi/lib/armv7-m\libg_nano.a(lib_a-nano-msizer.o)
 .debug_frame   0x0000262c       0x5c d:/psoccreator4.2/psoc creator/4.2/psoc creator/import/gnu/arm/5.4.1/bin/../lib/gcc/arm-none-eabi/5.4.1/../../../../arm-none-eabi/lib/armv7-m\libg_nano.a(lib_a-reent.o)

.debug_str      0x00000000     0x2ffe
 *(.debug_str)
 .debug_str     0x00000000      0x37f .\CortexM3\ARM_GCC_541\Debug\main.o
                                0x3f0 (size before relaxing)
 .debug_str     0x0000037f       0xe7 .\CortexM3\ARM_GCC_541\Debug\servo.o
                                0x2c9 (size before relaxing)
 .debug_str     0x00000466      0x160 .\CortexM3\ARM_GCC_541\Debug\cyfitter_cfg.o
                                0x308 (size before relaxing)
 .debug_str     0x000005c6       0x7f .\CortexM3\ARM_GCC_541\Debug\cymetadata.o
                                0x1dd (size before relaxing)
 .debug_str     0x00000645      0x13e .\CortexM3\ARM_GCC_541\Debug\Cm3Start.o
                                0x303 (size before relaxing)
 .debug_str     0x00000783       0x53 .\CortexM3\ARM_GCC_541\Debug\Distance.a(Tx.o)
                                0x1cc (size before relaxing)
 .debug_str     0x000007d6       0x44 .\CortexM3\ARM_GCC_541\Debug\Distance.a(Rx.o)
                                0x1cc (size before relaxing)
 .debug_str     0x0000081a      0x150 .\CortexM3\ARM_GCC_541\Debug\Distance.a(LCD.o)
                                0x324 (size before relaxing)
 .debug_str     0x0000096a      0x81f .\CortexM3\ARM_GCC_541\Debug\Distance.a(CyLib.o)
                                0xa40 (size before relaxing)
 .debug_str     0x00001189      0x365 .\CortexM3\ARM_GCC_541\Debug\Distance.a(cyPm.o)
                                0x72c (size before relaxing)
 .debug_str     0x000014ee      0x127 .\CortexM3\ARM_GCC_541\Debug\Distance.a(Timer.o)
                                0x334 (size before relaxing)
 .debug_str     0x00001615       0x6a .\CortexM3\ARM_GCC_541\Debug\Distance.a(Clock.o)
                                0x2cf (size before relaxing)
 .debug_str     0x0000167f      0x119 .\CortexM3\ARM_GCC_541\Debug\Distance.a(TimeoutISR.o)
                                0x2e5 (size before relaxing)
 .debug_str     0x00001798       0x47 .\CortexM3\ARM_GCC_541\Debug\Distance.a(LED.o)
                                0x1d1 (size before relaxing)
 .debug_str     0x000017df      0x436 .\CortexM3\ARM_GCC_541\Debug\Distance.a(USBUART.o)
                                0x677 (size before relaxing)
 .debug_str     0x00001c15      0x4e9 .\CortexM3\ARM_GCC_541\Debug\Distance.a(USBUART_cdc.o)
                                0x7ca (size before relaxing)
 .debug_str     0x000020fe      0x291 .\CortexM3\ARM_GCC_541\Debug\Distance.a(USBUART_drv.o)
                                0x641 (size before relaxing)
 .debug_str     0x0000238f       0x80 .\CortexM3\ARM_GCC_541\Debug\Distance.a(USBUART_episr.o)
                                0x2d8 (size before relaxing)
 .debug_str     0x0000240f      0x13a .\CortexM3\ARM_GCC_541\Debug\Distance.a(USBUART_hid.o)
                                0x3fb (size before relaxing)
 .debug_str     0x00002549       0xc6 .\CortexM3\ARM_GCC_541\Debug\Distance.a(USBUART_pm.o)
                                0x2e9 (size before relaxing)
 .debug_str     0x0000260f      0x236 .\CortexM3\ARM_GCC_541\Debug\Distance.a(USBUART_std.o)
                                0x7c8 (size before relaxing)
 .debug_str     0x00002845       0x46 .\CortexM3\ARM_GCC_541\Debug\Distance.a(USBUART_vnd.o)
                                0x288 (size before relaxing)
 .debug_str     0x0000288b       0x90 .\CortexM3\ARM_GCC_541\Debug\Distance.a(USBUART_Dp.o)
                                0x23a (size before relaxing)
 .debug_str     0x0000291b      0x204 .\CortexM3\ARM_GCC_541\Debug\Distance.a(UART.o)
                                0x46e (size before relaxing)
 .debug_str     0x00002b1f      0x138 .\CortexM3\ARM_GCC_541\Debug\Distance.a(UART_IntClock.o)
                                0x32f (size before relaxing)
 .debug_str     0x00002c57      0x1b4 .\CortexM3\ARM_GCC_541\Debug\Distance.a(CyFlash.o)
                                0x3b9 (size before relaxing)
 .debug_str     0x00002e0b       0xac .\CortexM3\ARM_GCC_541\Debug\Distance.a(CySpc.o)
                                0x331 (size before relaxing)
 .debug_str     0x00002eb7       0x25 .\CortexM3\ARM_GCC_541\Debug\Distance.a(USBUART_cls.o)
                                0x2c2 (size before relaxing)
 .debug_str     0x00002edc      0x122 .\CortexM3\ARM_GCC_541\Debug\Distance.a(USBUART_descr.o)
                                0x3a9 (size before relaxing)

.debug_loc      0x00000000     0x4274
 *(.debug_loc)
 .debug_loc     0x00000000      0x1ec .\CortexM3\ARM_GCC_541\Debug\main.o
 .debug_loc     0x000001ec      0x3e6 .\CortexM3\ARM_GCC_541\Debug\servo.o
 .debug_loc     0x000005d2      0x1d7 .\CortexM3\ARM_GCC_541\Debug\cyfitter_cfg.o
 .debug_loc     0x000007a9      0x144 .\CortexM3\ARM_GCC_541\Debug\Cm3Start.o
 .debug_loc     0x000008ed       0x42 .\CortexM3\ARM_GCC_541\Debug\Distance.a(Tx.o)
 .debug_loc     0x0000092f       0x42 .\CortexM3\ARM_GCC_541\Debug\Distance.a(Rx.o)
 .debug_loc     0x00000971      0x3c6 .\CortexM3\ARM_GCC_541\Debug\Distance.a(LCD.o)
 .debug_loc     0x00000d37      0xa11 .\CortexM3\ARM_GCC_541\Debug\Distance.a(CyLib.o)
 .debug_loc     0x00001748      0x1e4 .\CortexM3\ARM_GCC_541\Debug\Distance.a(cyPm.o)
 .debug_loc     0x0000192c       0x13 .\CortexM3\ARM_GCC_541\Debug\Distance.a(Timer.o)
 .debug_loc     0x0000193f      0x12c .\CortexM3\ARM_GCC_541\Debug\Distance.a(Clock.o)
 .debug_loc     0x00001a6b       0x56 .\CortexM3\ARM_GCC_541\Debug\Distance.a(TimeoutISR.o)
 .debug_loc     0x00001ac1       0x42 .\CortexM3\ARM_GCC_541\Debug\Distance.a(LED.o)
 .debug_loc     0x00001b03      0x435 .\CortexM3\ARM_GCC_541\Debug\Distance.a(USBUART.o)
 .debug_loc     0x00001f38      0x557 .\CortexM3\ARM_GCC_541\Debug\Distance.a(USBUART_cdc.o)
 .debug_loc     0x0000248f      0x171 .\CortexM3\ARM_GCC_541\Debug\Distance.a(USBUART_drv.o)
 .debug_loc     0x00002600      0x397 .\CortexM3\ARM_GCC_541\Debug\Distance.a(USBUART_hid.o)
 .debug_loc     0x00002997       0x26 .\CortexM3\ARM_GCC_541\Debug\Distance.a(USBUART_pm.o)
 .debug_loc     0x000029bd      0x945 .\CortexM3\ARM_GCC_541\Debug\Distance.a(USBUART_std.o)
 .debug_loc     0x00003302       0x36 .\CortexM3\ARM_GCC_541\Debug\Distance.a(USBUART_vnd.o)
 .debug_loc     0x00003338       0x84 .\CortexM3\ARM_GCC_541\Debug\Distance.a(USBUART_Dp.o)
 .debug_loc     0x000033bc      0x258 .\CortexM3\ARM_GCC_541\Debug\Distance.a(UART.o)
 .debug_loc     0x00003614      0x128 .\CortexM3\ARM_GCC_541\Debug\Distance.a(UART_IntClock.o)
 .debug_loc     0x0000373c      0x3b2 .\CortexM3\ARM_GCC_541\Debug\Distance.a(CyFlash.o)
 .debug_loc     0x00003aee      0x705 .\CortexM3\ARM_GCC_541\Debug\Distance.a(CySpc.o)
 .debug_loc     0x000041f3       0x81 .\CortexM3\ARM_GCC_541\Debug\Distance.a(USBUART_cls.o)

.debug_macinfo
 *(.debug_macinfo)

.debug_ranges   0x00000000      0xbf8
 *(.debug_ranges)
 .debug_ranges  0x00000000       0x38 .\CortexM3\ARM_GCC_541\Debug\main.o
 .debug_ranges  0x00000038       0x20 .\CortexM3\ARM_GCC_541\Debug\servo.o
 .debug_ranges  0x00000058       0x48 .\CortexM3\ARM_GCC_541\Debug\cyfitter_cfg.o
 .debug_ranges  0x000000a0       0x38 .\CortexM3\ARM_GCC_541\Debug\Cm3Start.o
 .debug_ranges  0x000000d8       0x28 .\CortexM3\ARM_GCC_541\Debug\Distance.a(Tx.o)
 .debug_ranges  0x00000100       0x28 .\CortexM3\ARM_GCC_541\Debug\Distance.a(Rx.o)
 .debug_ranges  0x00000128       0x88 .\CortexM3\ARM_GCC_541\Debug\Distance.a(LCD.o)
 .debug_ranges  0x000001b0      0x290 .\CortexM3\ARM_GCC_541\Debug\Distance.a(CyLib.o)
 .debug_ranges  0x00000440       0x88 .\CortexM3\ARM_GCC_541\Debug\Distance.a(cyPm.o)
 .debug_ranges  0x000004c8       0x80 .\CortexM3\ARM_GCC_541\Debug\Distance.a(Timer.o)
 .debug_ranges  0x00000548       0x60 .\CortexM3\ARM_GCC_541\Debug\Distance.a(Clock.o)
 .debug_ranges  0x000005a8       0x70 .\CortexM3\ARM_GCC_541\Debug\Distance.a(TimeoutISR.o)
 .debug_ranges  0x00000618       0x28 .\CortexM3\ARM_GCC_541\Debug\Distance.a(LED.o)
 .debug_ranges  0x00000640       0xd0 .\CortexM3\ARM_GCC_541\Debug\Distance.a(USBUART.o)
 .debug_ranges  0x00000710       0xd8 .\CortexM3\ARM_GCC_541\Debug\Distance.a(USBUART_cdc.o)
 .debug_ranges  0x000007e8       0x88 .\CortexM3\ARM_GCC_541\Debug\Distance.a(USBUART_drv.o)
 .debug_ranges  0x00000870       0x30 .\CortexM3\ARM_GCC_541\Debug\Distance.a(USBUART_episr.o)
 .debug_ranges  0x000008a0       0x38 .\CortexM3\ARM_GCC_541\Debug\Distance.a(USBUART_hid.o)
 .debug_ranges  0x000008d8       0x30 .\CortexM3\ARM_GCC_541\Debug\Distance.a(USBUART_pm.o)
 .debug_ranges  0x00000908       0x70 .\CortexM3\ARM_GCC_541\Debug\Distance.a(USBUART_std.o)
 .debug_ranges  0x00000978       0x10 .\CortexM3\ARM_GCC_541\Debug\Distance.a(USBUART_vnd.o)
 .debug_ranges  0x00000988       0x38 .\CortexM3\ARM_GCC_541\Debug\Distance.a(USBUART_Dp.o)
 .debug_ranges  0x000009c0       0xe0 .\CortexM3\ARM_GCC_541\Debug\Distance.a(UART.o)
 .debug_ranges  0x00000aa0       0x60 .\CortexM3\ARM_GCC_541\Debug\Distance.a(UART_IntClock.o)
 .debug_ranges  0x00000b00       0x78 .\CortexM3\ARM_GCC_541\Debug\Distance.a(CyFlash.o)
 .debug_ranges  0x00000b78       0x70 .\CortexM3\ARM_GCC_541\Debug\Distance.a(CySpc.o)
 .debug_ranges  0x00000be8       0x10 .\CortexM3\ARM_GCC_541\Debug\Distance.a(USBUART_cls.o)

.comment        0x00000000       0x6e
 .comment       0x00000000       0x6e .\CortexM3\ARM_GCC_541\Debug\main.o
                                 0x6f (size before relaxing)
 .comment       0x0000006e       0x6f .\CortexM3\ARM_GCC_541\Debug\servo.o
 .comment       0x0000006e       0x6f .\CortexM3\ARM_GCC_541\Debug\cyfitter_cfg.o
 .comment       0x0000006e       0x6f .\CortexM3\ARM_GCC_541\Debug\cymetadata.o
 .comment       0x0000006e       0x6f .\CortexM3\ARM_GCC_541\Debug\Cm3Start.o
 .comment       0x0000006e       0x6f .\CortexM3\ARM_GCC_541\Debug\Distance.a(Tx.o)
 .comment       0x0000006e       0x6f .\CortexM3\ARM_GCC_541\Debug\Distance.a(Rx.o)
 .comment       0x0000006e       0x6f .\CortexM3\ARM_GCC_541\Debug\Distance.a(LCD.o)
 .comment       0x0000006e       0x6f .\CortexM3\ARM_GCC_541\Debug\Distance.a(CyLib.o)
 .comment       0x0000006e       0x6f .\CortexM3\ARM_GCC_541\Debug\Distance.a(cyPm.o)
 .comment       0x0000006e       0x6f .\CortexM3\ARM_GCC_541\Debug\Distance.a(Timer.o)
 .comment       0x0000006e       0x6f .\CortexM3\ARM_GCC_541\Debug\Distance.a(Clock.o)
 .comment       0x0000006e       0x6f .\CortexM3\ARM_GCC_541\Debug\Distance.a(TimeoutISR.o)
 .comment       0x0000006e       0x6f .\CortexM3\ARM_GCC_541\Debug\Distance.a(LED.o)
 .comment       0x0000006e       0x6f .\CortexM3\ARM_GCC_541\Debug\Distance.a(USBUART.o)
 .comment       0x0000006e       0x6f .\CortexM3\ARM_GCC_541\Debug\Distance.a(USBUART_cdc.o)
 .comment       0x0000006e       0x6f .\CortexM3\ARM_GCC_541\Debug\Distance.a(USBUART_drv.o)
 .comment       0x0000006e       0x6f .\CortexM3\ARM_GCC_541\Debug\Distance.a(USBUART_episr.o)
 .comment       0x0000006e       0x6f .\CortexM3\ARM_GCC_541\Debug\Distance.a(USBUART_hid.o)
 .comment       0x0000006e       0x6f .\CortexM3\ARM_GCC_541\Debug\Distance.a(USBUART_pm.o)
 .comment       0x0000006e       0x6f .\CortexM3\ARM_GCC_541\Debug\Distance.a(USBUART_std.o)
 .comment       0x0000006e       0x6f .\CortexM3\ARM_GCC_541\Debug\Distance.a(USBUART_vnd.o)
 .comment       0x0000006e       0x6f .\CortexM3\ARM_GCC_541\Debug\Distance.a(USBUART_Dp.o)
 .comment       0x0000006e       0x6f .\CortexM3\ARM_GCC_541\Debug\Distance.a(UART.o)
 .comment       0x0000006e       0x6f .\CortexM3\ARM_GCC_541\Debug\Distance.a(UART_IntClock.o)
 .comment       0x0000006e       0x6f .\CortexM3\ARM_GCC_541\Debug\Distance.a(CyFlash.o)
 .comment       0x0000006e       0x6f .\CortexM3\ARM_GCC_541\Debug\Distance.a(CySpc.o)
 .comment       0x0000006e       0x6f .\CortexM3\ARM_GCC_541\Debug\Distance.a(USBUART_cls.o)
 .comment       0x0000006e       0x6f .\CortexM3\ARM_GCC_541\Debug\Distance.a(USBUART_descr.o)

.debug_weaknames
 *(.debug_weaknames)

.debug_funcnames
 *(.debug_funcnames)

.debug_typenames
 *(.debug_typenames)

.debug_varnames
 *(.debug_varnames)

.note.gnu.arm.ident
 *(.note.gnu.arm.ident)

.ARM.attributes
                0x00000000       0x29
 *(.ARM.attributes)
 .ARM.attributes
                0x00000000       0x1d d:/psoccreator4.2/psoc creator/4.2/psoc creator/import/gnu/arm/5.4.1/bin/../lib/gcc/arm-none-eabi/5.4.1/armv7-m/crti.o
 .ARM.attributes
                0x0000001d       0x2d d:/psoccreator4.2/psoc creator/4.2/psoc creator/import/gnu/arm/5.4.1/bin/../lib/gcc/arm-none-eabi/5.4.1/armv7-m/crtbegin.o
 .ARM.attributes
                0x0000004a       0x1b d:/psoccreator4.2/psoc creator/4.2/psoc creator/import/gnu/arm/5.4.1/bin/../lib/gcc/arm-none-eabi/5.4.1/../../../../arm-none-eabi/lib/armv7-m/crt0.o
 .ARM.attributes
                0x00000065       0x33 .\CortexM3\ARM_GCC_541\Debug\main.o
 .ARM.attributes
                0x00000098       0x33 .\CortexM3\ARM_GCC_541\Debug\servo.o
 .ARM.attributes
                0x000000cb       0x33 .\CortexM3\ARM_GCC_541\Debug\cyfitter_cfg.o
 .ARM.attributes
                0x000000fe       0x33 .\CortexM3\ARM_GCC_541\Debug\cymetadata.o
 .ARM.attributes
                0x00000131       0x33 .\CortexM3\ARM_GCC_541\Debug\Cm3Start.o
 .ARM.attributes
                0x00000164       0x33 .\CortexM3\ARM_GCC_541\Debug\Distance.a(Tx.o)
 .ARM.attributes
                0x00000197       0x33 .\CortexM3\ARM_GCC_541\Debug\Distance.a(Rx.o)
 .ARM.attributes
                0x000001ca       0x33 .\CortexM3\ARM_GCC_541\Debug\Distance.a(LCD.o)
 .ARM.attributes
                0x000001fd       0x33 .\CortexM3\ARM_GCC_541\Debug\Distance.a(CyLib.o)
 .ARM.attributes
                0x00000230       0x33 .\CortexM3\ARM_GCC_541\Debug\Distance.a(cyPm.o)
 .ARM.attributes
                0x00000263       0x33 .\CortexM3\ARM_GCC_541\Debug\Distance.a(Timer.o)
 .ARM.attributes
                0x00000296       0x33 .\CortexM3\ARM_GCC_541\Debug\Distance.a(Clock.o)
 .ARM.attributes
                0x000002c9       0x33 .\CortexM3\ARM_GCC_541\Debug\Distance.a(TimeoutISR.o)
 .ARM.attributes
                0x000002fc       0x33 .\CortexM3\ARM_GCC_541\Debug\Distance.a(LED.o)
 .ARM.attributes
                0x0000032f       0x33 .\CortexM3\ARM_GCC_541\Debug\Distance.a(USBUART.o)
 .ARM.attributes
                0x00000362       0x33 .\CortexM3\ARM_GCC_541\Debug\Distance.a(USBUART_cdc.o)
 .ARM.attributes
                0x00000395       0x33 .\CortexM3\ARM_GCC_541\Debug\Distance.a(USBUART_drv.o)
 .ARM.attributes
                0x000003c8       0x33 .\CortexM3\ARM_GCC_541\Debug\Distance.a(USBUART_episr.o)
 .ARM.attributes
                0x000003fb       0x33 .\CortexM3\ARM_GCC_541\Debug\Distance.a(USBUART_hid.o)
 .ARM.attributes
                0x0000042e       0x33 .\CortexM3\ARM_GCC_541\Debug\Distance.a(USBUART_pm.o)
 .ARM.attributes
                0x00000461       0x33 .\CortexM3\ARM_GCC_541\Debug\Distance.a(USBUART_std.o)
 .ARM.attributes
                0x00000494       0x33 .\CortexM3\ARM_GCC_541\Debug\Distance.a(USBUART_vnd.o)
 .ARM.attributes
                0x000004c7       0x33 .\CortexM3\ARM_GCC_541\Debug\Distance.a(USBUART_Dp.o)
 .ARM.attributes
                0x000004fa       0x33 .\CortexM3\ARM_GCC_541\Debug\Distance.a(UART.o)
 .ARM.attributes
                0x0000052d       0x33 .\CortexM3\ARM_GCC_541\Debug\Distance.a(UART_IntClock.o)
 .ARM.attributes
                0x00000560       0x21 .\CortexM3\ARM_GCC_541\Debug\Distance.a(CyBootAsmGnu.o)
 .ARM.attributes
                0x00000581       0x33 .\CortexM3\ARM_GCC_541\Debug\Distance.a(CyFlash.o)
 .ARM.attributes
                0x000005b4       0x33 .\CortexM3\ARM_GCC_541\Debug\Distance.a(CySpc.o)
 .ARM.attributes
                0x000005e7       0x33 .\CortexM3\ARM_GCC_541\Debug\Distance.a(USBUART_cls.o)
 .ARM.attributes
                0x0000061a       0x33 .\CortexM3\ARM_GCC_541\Debug\Distance.a(USBUART_descr.o)
 .ARM.attributes
                0x0000064d       0x1d d:/psoccreator4.2/psoc creator/4.2/psoc creator/import/gnu/arm/5.4.1/bin/../lib/gcc/arm-none-eabi/5.4.1/armv7-m\libgcc.a(_aeabi_ldivmod.o)
 .ARM.attributes
                0x0000066a       0x2d d:/psoccreator4.2/psoc creator/4.2/psoc creator/import/gnu/arm/5.4.1/bin/../lib/gcc/arm-none-eabi/5.4.1/armv7-m\libgcc.a(_udivmoddi4.o)
 .ARM.attributes
                0x00000697       0x1d d:/psoccreator4.2/psoc creator/4.2/psoc creator/import/gnu/arm/5.4.1/bin/../lib/gcc/arm-none-eabi/5.4.1/armv7-m\libgcc.a(_dvmd_tls.o)
 .ARM.attributes
                0x000006b4       0x2d d:/psoccreator4.2/psoc creator/4.2/psoc creator/import/gnu/arm/5.4.1/bin/../lib/gcc/arm-none-eabi/5.4.1/../../../../arm-none-eabi/lib/armv7-m\libg_nano.a(lib_a-errno.o)
 .ARM.attributes
                0x000006e1       0x2d d:/psoccreator4.2/psoc creator/4.2/psoc creator/import/gnu/arm/5.4.1/bin/../lib/gcc/arm-none-eabi/5.4.1/../../../../arm-none-eabi/lib/armv7-m\libg_nano.a(lib_a-exit.o)
 .ARM.attributes
                0x0000070e       0x2d d:/psoccreator4.2/psoc creator/4.2/psoc creator/import/gnu/arm/5.4.1/bin/../lib/gcc/arm-none-eabi/5.4.1/../../../../arm-none-eabi/lib/armv7-m\libg_nano.a(lib_a-impure.o)
 .ARM.attributes
                0x0000073b       0x2d d:/psoccreator4.2/psoc creator/4.2/psoc creator/import/gnu/arm/5.4.1/bin/../lib/gcc/arm-none-eabi/5.4.1/../../../../arm-none-eabi/lib/armv7-m\libg_nano.a(lib_a-init.o)
 .ARM.attributes
                0x00000768       0x2d d:/psoccreator4.2/psoc creator/4.2/psoc creator/import/gnu/arm/5.4.1/bin/../lib/gcc/arm-none-eabi/5.4.1/../../../../arm-none-eabi/lib/armv7-m\libg_nano.a(lib_a-memcpy-stub.o)
 .ARM.attributes
                0x00000795       0x2d d:/psoccreator4.2/psoc creator/4.2/psoc creator/import/gnu/arm/5.4.1/bin/../lib/gcc/arm-none-eabi/5.4.1/../../../../arm-none-eabi/lib/armv7-m\libg_nano.a(lib_a-memset.o)
 .ARM.attributes
                0x000007c2       0x2d d:/psoccreator4.2/psoc creator/4.2/psoc creator/import/gnu/arm/5.4.1/bin/../lib/gcc/arm-none-eabi/5.4.1/../../../../arm-none-eabi/lib/armv7-m\libg_nano.a(lib_a-sprintf.o)
 .ARM.attributes
                0x000007ef       0x2d d:/psoccreator4.2/psoc creator/4.2/psoc creator/import/gnu/arm/5.4.1/bin/../lib/gcc/arm-none-eabi/5.4.1/../../../../arm-none-eabi/lib/armv7-m\libg_nano.a(lib_a-nano-svfprintf.o)
 .ARM.attributes
                0x0000081c       0x2d d:/psoccreator4.2/psoc creator/4.2/psoc creator/import/gnu/arm/5.4.1/bin/../lib/gcc/arm-none-eabi/5.4.1/../../../../arm-none-eabi/lib/armv7-m\libg_nano.a(lib_a-nano-vfprintf_i.o)
 .ARM.attributes
                0x00000849       0x2d d:/psoccreator4.2/psoc creator/4.2/psoc creator/import/gnu/arm/5.4.1/bin/../lib/gcc/arm-none-eabi/5.4.1/../../../../arm-none-eabi/lib/armv7-m\libg_nano.a(lib_a-memchr-stub.o)
 .ARM.attributes
                0x00000876       0x2d d:/psoccreator4.2/psoc creator/4.2/psoc creator/import/gnu/arm/5.4.1/bin/../lib/gcc/arm-none-eabi/5.4.1/../../../../arm-none-eabi/lib/armv7-m\libg_nano.a(lib_a-memmove.o)
 .ARM.attributes
                0x000008a3       0x2d d:/psoccreator4.2/psoc creator/4.2/psoc creator/import/gnu/arm/5.4.1/bin/../lib/gcc/arm-none-eabi/5.4.1/../../../../arm-none-eabi/lib/armv7-m\libg_nano.a(lib_a-nano-freer.o)
 .ARM.attributes
                0x000008d0       0x2d d:/psoccreator4.2/psoc creator/4.2/psoc creator/import/gnu/arm/5.4.1/bin/../lib/gcc/arm-none-eabi/5.4.1/../../../../arm-none-eabi/lib/armv7-m\libg_nano.a(lib_a-nano-mallocr.o)
 .ARM.attributes
                0x000008fd       0x2d d:/psoccreator4.2/psoc creator/4.2/psoc creator/import/gnu/arm/5.4.1/bin/../lib/gcc/arm-none-eabi/5.4.1/../../../../arm-none-eabi/lib/armv7-m\libg_nano.a(lib_a-nano-reallocr.o)
 .ARM.attributes
                0x0000092a       0x2d d:/psoccreator4.2/psoc creator/4.2/psoc creator/import/gnu/arm/5.4.1/bin/../lib/gcc/arm-none-eabi/5.4.1/../../../../arm-none-eabi/lib/armv7-m\libg_nano.a(lib_a-sbrkr.o)
 .ARM.attributes
                0x00000957       0x2d d:/psoccreator4.2/psoc creator/4.2/psoc creator/import/gnu/arm/5.4.1/bin/../lib/gcc/arm-none-eabi/5.4.1/../../../../arm-none-eabi/lib/armv7-m\libg_nano.a(lib_a-mlock.o)
 .ARM.attributes
                0x00000984       0x2d d:/psoccreator4.2/psoc creator/4.2/psoc creator/import/gnu/arm/5.4.1/bin/../lib/gcc/arm-none-eabi/5.4.1/../../../../arm-none-eabi/lib/armv7-m\libg_nano.a(lib_a-nano-msizer.o)
 .ARM.attributes
                0x000009b1       0x2d d:/psoccreator4.2/psoc creator/4.2/psoc creator/import/gnu/arm/5.4.1/bin/../lib/gcc/arm-none-eabi/5.4.1/../../../../arm-none-eabi/lib/armv7-m\libg_nano.a(lib_a-reent.o)
 .ARM.attributes
                0x000009de       0x2d d:/psoccreator4.2/psoc creator/4.2/psoc creator/import/gnu/arm/5.4.1/bin/../lib/gcc/arm-none-eabi/5.4.1/armv7-m/crtend.o
 .ARM.attributes
                0x00000a0b       0x1d d:/psoccreator4.2/psoc creator/4.2/psoc creator/import/gnu/arm/5.4.1/bin/../lib/gcc/arm-none-eabi/5.4.1/armv7-m/crtn.o

/DISCARD/
 *(.note.GNU-stack)
OUTPUT(C:\Users\lab512\Desktop\lmx_borrow\Distance\Distance.cydsn\CortexM3\ARM_GCC_541\Debug\Distance.elf elf32-littlearm)
